Microchip MPLAB XC8 Compiler V1.36 ()

Linker command line:

-W-3 --edf=/Applications/microchip/xc8/v1.36/dat/en_msgs.txt -cs \
  -h+dist/default/production/SistemaRiego.X.production.sym \
  --cmf=dist/default/production/SistemaRiego.X.production.cmf -z -Q18F4585 \
  -o/tmp/xcuHxPz1i -Mdist/default/production/SistemaRiego.X.production.map \
  -E1 -ver=XC8 -ASTACK=071h-0cffh -pstack=STACK -ACODE=00h-0BFFFh \
  -ACONST=00h-0BFFFh -ASMALLCONST=0D00h-0DFFhx179 \
  -AMEDIUMCONST=0D00h-0BFFFh -ACOMRAM=01h-05Fh -AABS1=00h-0CFFh \
  -ABIGRAM=01h-0CFFh -ARAM=060h-0FFh,0100h-01FFhx12 -ABANK0=060h-0FFh \
  -ABANK1=0100h-01FFh -ABANK2=0200h-02FFh -ABANK3=0300h-03FFh \
  -ABANK4=0400h-04FFh -ABANK5=0500h-05FFh -ABANK6=0600h-06FFh \
  -ABANK7=0700h-07FFh -ABANK8=0800h-08FFh -ABANK9=0900h-09FFh \
  -ABANK10=0A00h-0AFFh -ABANK11=0B00h-0BFFh -ABANK12=0C00h-0CFFh \
  -ASFR=0D00h-0DFFhx2,0F00h-0F5Fh,0F60h-0FFFh \
  -preset_vec=00h,intcode=08h,intcodelo=018h,powerup,init,end_init \
  -pramtop=0D00h -psmallconst=SMALLCONST -pmediumconst=MEDIUMCONST \
  -pconst=CONST -AFARRAM=00h-00h -ACONFIG=0300000h-030000Dh -pconfig=CONFIG \
  -AIDLOC=0200000h-0200007h -pidloc=IDLOC -AEEDATA=0F00000h-0F003FFh \
  -peeprom_data=EEDATA \
  -prdata=COMRAM,nvrram=COMRAM,nvbit=COMRAM,rbss=COMRAM,rbit=COMRAM \
  -pfarbss=FARRAM,fardata=FARRAM,nvFARRAM=FARRAM \
  -pintsave_regs=BIGRAM,bigbss=BIGRAM,bigdata=BIGRAM -pbss=RAM \
  -pidata=CODE,irdata=CODE,ibigdata=CODE,ifardata=CODE -prparam=COMRAM \
  /tmp/xcSRd0epx.obj dist/default/production/SistemaRiego.X.production.obj 

Object code version is 3.11

Machine type is 18F4585

Call graph: (short form)




                Name                               Link     Load   Length Selector   Space Scale
/tmp/xcSRd0epx.obj
                end_init                             A6       A6        4        C       0
                reset_vec                             0        0        4        0       0
                idloc                            200000   200000        8   200000       0
                config                           300000   300000        E   300000       0
dist/default/production/SistemaRiego.X.production.obj
                intcodelo                            18       18       8E        C       0
                intcode                               8        8        E        4       0
                temp                                 3C       3C        1        1       1
                text21                              5B4      5B4        A        C       0
                text20                              532      532       1C        C       0
                text19                              5AA      5AA        A        C       0
                text18                               AA       AA      12A        C       0
                text17                              1D4      1D4       D8        C       0
                text16                              59C      59C        E        C       0
                text15                              57A      57A       14        C       0
                text14                              33A      33A       50        C       0
                text13                              414      414       40        C       0
                text12                              38A      38A       46        C       0
                text11                              516      516       1C        C       0
                text10                              4FA      4FA       1C        C       0
                intcode_body                        2AC      2AC       8E        C       0
                text7                               58E      58E        E        C       0
                text6                               566      566       14        C       0
                text5                               5C4      5C4        4        C       0
                text4                               5BE      5BE        6        C       0
                text3                               4DE      4DE       1C        C       0
                text2                               48A      48A       2E        C       0
                text1                               4B8      4B8       26        C       0
                text0                               3D0      3D0       44        C       0
                cstackCOMRAM                          1        1       1F        1       1
                cstackBANK0                          60       60       11       60       1
                dataCOMRAM                           20       20       18        1       1
                bssCOMRAM                            38       38        4        1       1
                cinit                               454      454       36        C       0
                idataCOMRAM                         54E      54E       18        C       0

TOTAL           Name                               Link     Load   Length     Space
        CLASS   STACK          

        CLASS   CODE           
                end_init                             A6       A6        4         0
                intcodelo                            18       18       8E         0
                intcode                               8        8        E         0
                reset_vec                             0        0        4         0
                text21                              5B4      5B4        A         0
                text20                              532      532       1C         0
                text19                              5AA      5AA        A         0
                text18                               AA       AA      12A         0
                text17                              1D4      1D4       D8         0
                text16                              59C      59C        E         0
                text15                              57A      57A       14         0
                text14                              33A      33A       50         0
                text13                              414      414       40         0
                text12                              38A      38A       46         0
                text11                              516      516       1C         0
                text10                              4FA      4FA       1C         0
                intcode_body                        2AC      2AC       8E         0
                text7                               58E      58E        E         0
                text6                               566      566       14         0
                text5                               5C4      5C4        4         0
                text4                               5BE      5BE        6         0
                text3                               4DE      4DE       1C         0
                text2                               48A      48A       2E         0
                text1                               4B8      4B8       26         0
                text0                               3D0      3D0       44         0
                cinit                               454      454       36         0
                idataCOMRAM                         54E      54E       18         0

        CLASS   CONST          

        CLASS   SMALLCONST     

        CLASS   MEDIUMCONST    

        CLASS   COMRAM         
                temp                                 3C       3C        1         1
                cstackCOMRAM                          1        1       1F         1
                dataCOMRAM                           20       20       18         1
                bssCOMRAM                            38       38        4         1

        CLASS   ABS1           

        CLASS   BIGRAM         

        CLASS   RAM            

        CLASS   BANK0          
                cstackBANK0                          60       60       11         1

        CLASS   BANK1          

        CLASS   BANK2          

        CLASS   BANK3          

        CLASS   BANK4          

        CLASS   BANK5          

        CLASS   BANK6          

        CLASS   BANK7          

        CLASS   BANK8          

        CLASS   BANK9          

        CLASS   BANK10         

        CLASS   BANK11         

        CLASS   BANK12         

        CLASS   SFR            

        CLASS   FARRAM         

        CLASS   CONFIG         
                config                           300000   300000        E         0

        CLASS   IDLOC          
                idloc                            200000   200000        8         0

        CLASS   EEDATA         



SEGMENTS        Name                           Load    Length   Top    Selector   Space  Class

                reset_vec                      000000  000004  000004         0       0  CODE    
                cstackCOMRAM                   000001  00003C  00003D         1       1  COMRAM  
                intcode                        000008  00000E  000016         4       0  CODE    
                intcodelo                      000018  0005B0  0005C8         C       0  CODE    
                cstackBANK0                    000060  000011  000071        60       1  BANK0   
                idloc                          200000  000008  200008    200000       0  IDLOC   
                config                         300000  00000E  30000E    300000       0  CONFIG  


UNUSED ADDRESS RANGES

        Name                Unused          Largest block    Delta
        BANK0            000071-0000FF               8F
        BANK1            000100-0001FF              100
        BANK10           000A00-000AFF              100
        BANK11           000B00-000BFF              100
        BANK12           000C00-000CFF              100
        BANK2            000200-0002FF              100
        BANK3            000300-0003FF              100
        BANK4            000400-0004FF              100
        BANK5            000500-0005FF              100
        BANK6            000600-0006FF              100
        BANK7            000700-0007FF              100
        BANK8            000800-0008FF              100
        BANK9            000900-0009FF              100
        BIGRAM           00003D-00005F               23
                         000071-000CFF              C8F
        CODE             000004-000007                4
                         000016-000017                2
                         0005C8-00BFFF             BA38
        COMRAM           00003D-00005F               23
        CONST            000004-000007                4
                         000016-000017                2
                         0005C8-00BFFF             BA38
        EEDATA           F00000-F003FF              400
        MEDIUMCONST      000D00-00BFFF             B300
        RAM              000071-000CFF              100
        SFR              000D00-000FFF              100
        SMALLCONST       000D00-00BFFF              100
        STACK            000071-000CFF              C8F

                                  Symbol Table

_ADCON1                       (abs)        000FC1
_CASTELLO                     dataCOMRAM   000020
_CMCON                        (abs)        000FB4
_CVRCONbits                   (abs)        000FB5
_GREETING                     dataCOMRAM   00002C
_INTCON2bits                  (abs)        000FF1
_INTCONbits                   (abs)        000FF2
_ISRH                         intcode      000008
_ISRL                         intcodelo    000018
_LATB                         (abs)        000F8A
_LATC                         (abs)        000F8B
_LCDSetup                     text1        0004B8
_OSCCON                       (abs)        000FD3
_PORTB                        (abs)        000F81
_PORTBbits                    (abs)        000F81
_PORTC                        (abs)        000F82
_PORTCbits                    (abs)        000F82
_PORTD                        (abs)        000F83
_PORTDbits                    (abs)        000F83
_RCONbits                     (abs)        000FD0
_TRISB                        (abs)        000F93
_TRISBbits                    (abs)        000F93
_TRISC                        (abs)        000F94
_TRISD                        (abs)        000F95
__CFG_LVP$OFF                 (abs)        000000
__CFG_MCLRE$ON                (abs)        000000
__CFG_OSC$IRCIO67             (abs)        000000
__CFG_PBADEN$OFF              (abs)        000000
__CFG_WDT$OFF                 (abs)        000000
__HRAM                        (abs)        000000
__Habs1                       abs1         000000
__Hbank0                      bank0        000000
__Hbank1                      bank1        000000
__Hbank10                     bank10       000000
__Hbank11                     bank11       000000
__Hbank12                     bank12       000000
__Hbank2                      bank2        000000
__Hbank3                      bank3        000000
__Hbank4                      bank4        000000
__Hbank5                      bank5        000000
__Hbank6                      bank6        000000
__Hbank7                      bank7        000000
__Hbank8                      bank8        000000
__Hbank9                      bank9        000000
__Hbigbss                     bigbss       000000
__Hbigdata                    bigdata      000000
__Hbigram                     bigram       000000
__Hbss                        bss          000000
__HbssCOMRAM                  bssCOMRAM    000000
__Hcinit                      cinit        000000
__Hclrtext                    clrtext      000000
__Hcomram                     comram       000000
__Hconfig                     config       30000E
__Hconst                      const        000000
__HcstackBANK0                cstackBANK0  000000
__HcstackCOMRAM               cstackCOMRAM 000000
__Hdata                       data         000000
__HdataCOMRAM                 dataCOMRAM   000000
__Heeprom_data                eeprom_data  000000
__Hend_init                   end_init     0000AA
__Hfarbss                     farbss       000000
__Hfardata                    fardata      000000
__Hibigdata                   ibigdata     000000
__Hidata                      idata        000000
__HidataCOMRAM                idataCOMRAM  000000
__Hidloc                      idloc        200008
__Hifardata                   ifardata     000000
__Hinit                       init         0000A6
__Hintcode                    intcode      000016
__Hintcode_body               intcode_body 000000
__Hintcodelo                  intcodelo    0000A6
__Hintentry                   intentry     000000
__Hintret                     intret       000000
__Hintsave_regs               intsave_regs 000000
__Hirdata                     irdata       000000
__Hmediumconst                mediumconst  000000
__HnvFARRAM                   nvFARRAM     000000
__Hnvbit                      nvbit        000000
__Hnvrram                     nvrram       000000
__Hparam                      rparam       000000
__Hpowerup                    powerup      0000A6
__Hram                        ram          000000
__Hramtop                     ramtop       000D00
__Hrbit                       rbit         000000
__Hrbss                       rbss         000000
__Hrdata                      rdata        000000
__Hreset_vec                  reset_vec    000004
__Hrparam                     rparam       000000
__Hsfr                        sfr          000000
__Hsmallconst                 smallconst   000000
__Hspace_0                    (abs)        30000E
__Hspace_1                    (abs)        000071
__Hspace_2                    (abs)        000000
__Hstack                      stack        000000
__Hstruct                     struct       000000
__Htemp                       temp         00003D
__Htext                       text         000000
__Htext0                      text0        000000
__Htext1                      text1        000000
__Htext10                     text10       000000
__Htext11                     text11       000000
__Htext12                     text12       000000
__Htext13                     text13       000000
__Htext14                     text14       000000
__Htext15                     text15       000000
__Htext16                     text16       000000
__Htext17                     text17       000000
__Htext18                     text18       000000
__Htext19                     text19       000000
__Htext2                      text2        000000
__Htext20                     text20       000000
__Htext21                     text21       000000
__Htext3                      text3        000000
__Htext4                      text4        000000
__Htext5                      text5        000000
__Htext6                      text6        000000
__Htext7                      text7        000000
__LRAM                        (abs)        000001
__Labs1                       abs1         000000
__Lbank0                      bank0        000000
__Lbank1                      bank1        000000
__Lbank10                     bank10       000000
__Lbank11                     bank11       000000
__Lbank12                     bank12       000000
__Lbank2                      bank2        000000
__Lbank3                      bank3        000000
__Lbank4                      bank4        000000
__Lbank5                      bank5        000000
__Lbank6                      bank6        000000
__Lbank7                      bank7        000000
__Lbank8                      bank8        000000
__Lbank9                      bank9        000000
__Lbigbss                     bigbss       000000
__Lbigdata                    bigdata      000000
__Lbigram                     bigram       000000
__Lbss                        bss          000000
__LbssCOMRAM                  bssCOMRAM    000000
__Lcinit                      cinit        000000
__Lclrtext                    clrtext      000000
__Lcomram                     comram       000000
__Lconfig                     config       300000
__Lconst                      const        000000
__LcstackBANK0                cstackBANK0  000000
__LcstackCOMRAM               cstackCOMRAM 000000
__Ldata                       data         000000
__LdataCOMRAM                 dataCOMRAM   000000
__Leeprom_data                eeprom_data  000000
__Lend_init                   end_init     0000A6
__Lfarbss                     farbss       000000
__Lfardata                    fardata      000000
__Libigdata                   ibigdata     000000
__Lidata                      idata        000000
__LidataCOMRAM                idataCOMRAM  000000
__Lidloc                      idloc        200000
__Lifardata                   ifardata     000000
__Linit                       init         0000A6
__Lintcode                    intcode      000008
__Lintcode_body               intcode_body 000000
__Lintcodelo                  intcodelo    000018
__Lintentry                   intentry     000000
__Lintret                     intret       000000
__Lintsave_regs               intsave_regs 000000
__Lirdata                     irdata       000000
__Lmediumconst                mediumconst  000000
__LnvFARRAM                   nvFARRAM     000000
__Lnvbit                      nvbit        000000
__Lnvrram                     nvrram       000000
__Lparam                      rparam       000000
__Lpowerup                    powerup      0000A6
__Lram                        ram          000000
__Lramtop                     ramtop       000D00
__Lrbit                       rbit         000000
__Lrbss                       rbss         000000
__Lrdata                      rdata        000000
__Lreset_vec                  reset_vec    000000
__Lrparam                     rparam       000000
__Lsfr                        sfr          000000
__Lsmallconst                 smallconst   000000
__Lspace_0                    (abs)        000000
__Lspace_1                    (abs)        000000
__Lspace_2                    (abs)        000000
__Lstack                      stack        000000
__Lstruct                     struct       000000
__Ltemp                       temp         00003C
__Ltext                       text         000000
__Ltext0                      text0        000000
__Ltext1                      text1        000000
__Ltext10                     text10       000000
__Ltext11                     text11       000000
__Ltext12                     text12       000000
__Ltext13                     text13       000000
__Ltext14                     text14       000000
__Ltext15                     text15       000000
__Ltext16                     text16       000000
__Ltext17                     text17       000000
__Ltext18                     text18       000000
__Ltext19                     text19       000000
__Ltext2                      text2        000000
__Ltext20                     text20       000000
__Ltext21                     text21       000000
__Ltext3                      text3        000000
__Ltext4                      text4        000000
__Ltext5                      text5        000000
__Ltext6                      text6        000000
__Ltext7                      text7        000000
__S0                          (abs)        30000E
__S1                          (abs)        000071
__S2                          (abs)        000000
___inthi_sp                   stack        000000
___intlo_sp                   stack        000000
___param_bank                 (abs)        000010
___rparam_used                (abs)        000001
___sp                         stack        000000
__accesstop                   (abs)        000060
__activetblptr                (abs)        000002
__end_of_ISRH                 intcode_body 00033A
__end_of_ISRL                 intcodelo    0000A6
__end_of_LCDSetup             text1        0004DE
__end_of__initialization      cinit        00047C
__end_of_command              text6        00057A
__end_of_delay                text20       00054E
__end_of_determinePressedRow  text18       0001D4
__end_of_displayCharOnLCD     text15       00058E
__end_of_displayLineOnLCD     text14       00038A
__end_of_getKeyCode           text17       0002AC
__end_of_groundAllRows        text21       0005BE
__end_of_isReady              text3        0004FA
__end_of_longDelay            text2        0004B8
__end_of_main                 text0        000414
__end_of_oneShot              text11       000532
__end_of_portDAsInput         text5        0005C8
__end_of_portDAsOutput        text4        0005C4
__end_of_pressedKey           text12       0003D0
__end_of_pressedKeyAction     text13       000454
__end_of_resetOneShot         text10       000516
__end_of_shortDelay           text7        00059C
__end_of_turnOnAllRows        text19       0005B4
__end_ofi2_shortDelay         text16       0005AA
__initialization              cinit        000454
__mediumconst                 mediumconst  000000
__pbssCOMRAM                  bssCOMRAM    000038
__pcinit                      cinit        000454
__pcstackBANK0                cstackBANK0  000060
__pcstackCOMRAM               cstackCOMRAM 000001
__pdataCOMRAM                 dataCOMRAM   000020
__pidataCOMRAM                idataCOMRAM  00054E
__pintcode                    intcode      000008
__pintcode_body               intcode_body 0002AC
__pintcodelo                  intcodelo    000018
__ptext0                      text0        0003D0
__ptext1                      text1        0004B8
__ptext10                     text10       0004FA
__ptext11                     text11       000516
__ptext12                     text12       00038A
__ptext13                     text13       000414
__ptext14                     text14       00033A
__ptext15                     text15       00057A
__ptext16                     text16       00059C
__ptext17                     text17       0001D4
__ptext18                     text18       0000AA
__ptext19                     text19       0005AA
__ptext2                      text2        00048A
__ptext20                     text20       000532
__ptext21                     text21       0005B4
__ptext3                      text3        0004DE
__ptext4                      text4        0005BE
__ptext5                      text5        0005C4
__ptext6                      text6        000566
__ptext7                      text7        00058E
__ramtop                      ramtop       000D00
__size_of_ISRH                (abs)        000000
__size_of_ISRL                (abs)        000000
__size_of_LCDSetup            (abs)        000000
__size_of_command             (abs)        000000
__size_of_delay               (abs)        000000
__size_of_determinePressedRow (abs)        000000
__size_of_displayCharOnLCD    (abs)        000000
__size_of_displayLineOnLCD    (abs)        000000
__size_of_getKeyCode          (abs)        000000
__size_of_groundAllRows       (abs)        000000
__size_of_isReady             (abs)        000000
__size_of_longDelay           (abs)        000000
__size_of_main                (abs)        000000
__size_of_oneShot             (abs)        000000
__size_of_portDAsInput        (abs)        000000
__size_of_portDAsOutput       (abs)        000000
__size_of_pressedKey          (abs)        000000
__size_of_pressedKeyAction    (abs)        000000
__size_of_resetOneShot        (abs)        000000
__size_of_shortDelay          (abs)        000000
__size_of_turnOnAllRows       (abs)        000000
__size_ofi2_shortDelay        (abs)        000000
__smallconst                  smallconst   000000
_columnSelected               bssCOMRAM    000038
_command                      text6        000566
_delay                        text20       000532
_determinePressedRow          text18       0000AA
_displayCharOnLCD             text15       00057A
_displayLineOnLCD             text14       00033A
_getKeyCode                   text17       0001D4
_groundAllRows                text21       0005B4
_isReady                      text3        0004DE
_keyCode                      bssCOMRAM    000039
_longDelay                    text2        00048A
_main                         text0        0003D0
_oneShot                      text11       000516
_oneShotFlag                  bssCOMRAM    00003A
_portDAsInput                 text5        0005C4
_portDAsOutput                text4        0005BE
_pressedKey                   text12       00038A
_pressedKeyAction             text13       000414
_resetOneShot                 text10       0004FA
_rowSelected                  bssCOMRAM    00003B
_shortDelay                   text7        00058E
_turnOnAllRows                text19       0005AA
btemp                         temp         00003C
command@x                     cstackCOMRAM 00001E
delay@L1REG                   cstackCOMRAM 000002
delay@L2REG                   cstackCOMRAM 000003
determinePressedRow@i         cstackCOMRAM 000001
displayCharOnLCD@character    cstackCOMRAM 000002
displayLineOnLCD@array        cstackCOMRAM 000003
displayLineOnLCD@i            cstackCOMRAM 00000D
displayLineOnLCD@sizeOfArray  cstackCOMRAM 000005
end_of_initialization         cinit        00047C
i2_shortDelay                 text16       00059C
i2shortDelay@L1REG            cstackCOMRAM 000001
int$flags                     temp         00003C
int_func                      intcode_body 0002AC
intlevel0                     text         000000
intlevel1                     text         000000
intlevel2                     text         000000
intlevel3                     text         000000
longDelay@L1REG               cstackCOMRAM 00001D
longDelay@L2REG               cstackCOMRAM 00001E
longDelay@L3REG               cstackCOMRAM 00001F
pressedKeyAction@keyCode      cstackCOMRAM 00000E
shortDelay@L1REG              cstackCOMRAM 00001D
stackhi                       (abs)        000CFF
stacklo                       (abs)        000071
start                         init         0000A6
start_initialization          cinit        000454


FUNCTION INFORMATION:

 *************** function _main *****************
 Defined at:
		line 107 in file "SysRiego.c"
 Parameters:    Size  Location     Type
		None
 Auto vars:     Size  Location     Type
		None
 Return value:  Size  Location     Type
                  1    wreg      void 
 Registers used:
		wreg, status,2, status,0, cstack
 Tracked objects:
		On entry : 
		On exit  : 
		Unchanged: 
 Data sizes:     COMRAM   BANK0   BANK1   BANK2   BANK3   BANK4   BANK5   BANK6   BANK7   BANK8   BANK9  BANK10  BANK11  BANK12
      Params:         0       0       0       0       0       0       0       0       0       0       0       0       0       0
      Locals:         0       0       0       0       0       0       0       0       0       0       0       0       0       0
      Temps:          0       0       0       0       0       0       0       0       0       0       0       0       0       0
      Totals:         0       0       0       0       0       0       0       0       0       0       0       0       0       0
Total ram usage:        0 bytes
 Hardware stack levels required when called:   11
 This function calls:
		_LCDSetup
		_portDAsOutput
 This function is called by:
		Startup code after reset
 This function uses a non-reentrant model


 *************** function _LCDSetup *****************
 Defined at:
		line 183 in file "SysRiego.c"
 Parameters:    Size  Location     Type
		None
 Auto vars:     Size  Location     Type
		None
 Return value:  Size  Location     Type
                  1    wreg      void 
 Registers used:
		wreg, status,2, status,0, cstack
 Tracked objects:
		On entry : 
		On exit  : 
		Unchanged: 
 Data sizes:     COMRAM   BANK0   BANK1   BANK2   BANK3   BANK4   BANK5   BANK6   BANK7   BANK8   BANK9  BANK10  BANK11  BANK12
      Params:         0       0       0       0       0       0       0       0       0       0       0       0       0       0
      Locals:         0       0       0       0       0       0       0       0       0       0       0       0       0       0
      Temps:          0       0       0       0       0       0       0       0       0       0       0       0       0       0
      Totals:         0       0       0       0       0       0       0       0       0       0       0       0       0       0
Total ram usage:        0 bytes
 Hardware stack levels used:    1
 Hardware stack levels required when called:   10
 This function calls:
		_command
		_isReady
		_longDelay
 This function is called by:
		_main
 This function uses a non-reentrant model


 *************** function _longDelay *****************
 Defined at:
		line 201 in file "SysRiego.c"
 Parameters:    Size  Location     Type
		None
 Auto vars:     Size  Location     Type
  L3REG           1   30[COMRAM] unsigned char 
  L2REG           1   29[COMRAM] unsigned char 
  L1REG           1   28[COMRAM] unsigned char 
 Return value:  Size  Location     Type
                  1    wreg      void 
 Registers used:
		wreg, status,2, status,0
 Tracked objects:
		On entry : 
		On exit  : 
		Unchanged: 
 Data sizes:     COMRAM   BANK0   BANK1   BANK2   BANK3   BANK4   BANK5   BANK6   BANK7   BANK8   BANK9  BANK10  BANK11  BANK12
      Params:         0       0       0       0       0       0       0       0       0       0       0       0       0       0
      Locals:         3       0       0       0       0       0       0       0       0       0       0       0       0       0
      Temps:          0       0       0       0       0       0       0       0       0       0       0       0       0       0
      Totals:         3       0       0       0       0       0       0       0       0       0       0       0       0       0
Total ram usage:        3 bytes
 Hardware stack levels used:    1
 Hardware stack levels required when called:    8
 This function calls:
		Nothing
 This function is called by:
		_LCDSetup
 This function uses a non-reentrant model


 *************** function _isReady *****************
 Defined at:
		line 223 in file "SysRiego.c"
 Parameters:    Size  Location     Type
		None
 Auto vars:     Size  Location     Type
		None
 Return value:  Size  Location     Type
                  1    wreg      void 
 Registers used:
		wreg, status,2, status,0, cstack
 Tracked objects:
		On entry : 
		On exit  : 
		Unchanged: 
 Data sizes:     COMRAM   BANK0   BANK1   BANK2   BANK3   BANK4   BANK5   BANK6   BANK7   BANK8   BANK9  BANK10  BANK11  BANK12
      Params:         0       0       0       0       0       0       0       0       0       0       0       0       0       0
      Locals:         0       0       0       0       0       0       0       0       0       0       0       0       0       0
      Temps:          0       0       0       0       0       0       0       0       0       0       0       0       0       0
      Totals:         0       0       0       0       0       0       0       0       0       0       0       0       0       0
Total ram usage:        0 bytes
 Hardware stack levels used:    1
 Hardware stack levels required when called:    9
 This function calls:
		_portDAsInput
		_portDAsOutput
		_shortDelay
 This function is called by:
		_LCDSetup
 This function uses a non-reentrant model


 *************** function _portDAsOutput *****************
 Defined at:
		line 179 in file "SysRiego.c"
 Parameters:    Size  Location     Type
		None
 Auto vars:     Size  Location     Type
		None
 Return value:  Size  Location     Type
                  1    wreg      void 
 Registers used:
		wreg, status,2
 Tracked objects:
		On entry : 
		On exit  : 
		Unchanged: 
 Data sizes:     COMRAM   BANK0   BANK1   BANK2   BANK3   BANK4   BANK5   BANK6   BANK7   BANK8   BANK9  BANK10  BANK11  BANK12
      Params:         0       0       0       0       0       0       0       0       0       0       0       0       0       0
      Locals:         0       0       0       0       0       0       0       0       0       0       0       0       0       0
      Temps:          0       0       0       0       0       0       0       0       0       0       0       0       0       0
      Totals:         0       0       0       0       0       0       0       0       0       0       0       0       0       0
Total ram usage:        0 bytes
 Hardware stack levels used:    1
 Hardware stack levels required when called:    8
 This function calls:
		Nothing
 This function is called by:
		_main
		_isReady
 This function uses a non-reentrant model


 *************** function _portDAsInput *****************
 Defined at:
		line 175 in file "SysRiego.c"
 Parameters:    Size  Location     Type
		None
 Auto vars:     Size  Location     Type
		None
 Return value:  Size  Location     Type
                  1    wreg      void 
 Registers used:
		None
 Tracked objects:
		On entry : 
		On exit  : 
		Unchanged: 
 Data sizes:     COMRAM   BANK0   BANK1   BANK2   BANK3   BANK4   BANK5   BANK6   BANK7   BANK8   BANK9  BANK10  BANK11  BANK12
      Params:         0       0       0       0       0       0       0       0       0       0       0       0       0       0
      Locals:         0       0       0       0       0       0       0       0       0       0       0       0       0       0
      Temps:          0       0       0       0       0       0       0       0       0       0       0       0       0       0
      Totals:         0       0       0       0       0       0       0       0       0       0       0       0       0       0
Total ram usage:        0 bytes
 Hardware stack levels used:    1
 Hardware stack levels required when called:    8
 This function calls:
		Nothing
 This function is called by:
		_isReady
 This function uses a non-reentrant model


 *************** function _command *****************
 Defined at:
		line 215 in file "SysRiego.c"
 Parameters:    Size  Location     Type
  x               1    wreg     unsigned char 
 Auto vars:     Size  Location     Type
  x               1   29[COMRAM] unsigned char 
 Return value:  Size  Location     Type
                  1    wreg      void 
 Registers used:
		wreg, status,2, status,0, cstack
 Tracked objects:
		On entry : 
		On exit  : 
		Unchanged: 
 Data sizes:     COMRAM   BANK0   BANK1   BANK2   BANK3   BANK4   BANK5   BANK6   BANK7   BANK8   BANK9  BANK10  BANK11  BANK12
      Params:         0       0       0       0       0       0       0       0       0       0       0       0       0       0
      Locals:         1       0       0       0       0       0       0       0       0       0       0       0       0       0
      Temps:          0       0       0       0       0       0       0       0       0       0       0       0       0       0
      Totals:         1       0       0       0       0       0       0       0       0       0       0       0       0       0
Total ram usage:        1 bytes
 Hardware stack levels used:    1
 Hardware stack levels required when called:    9
 This function calls:
		_shortDelay
 This function is called by:
		_LCDSetup
 This function uses a non-reentrant model


 *************** function _shortDelay *****************
 Defined at:
		line 195 in file "SysRiego.c"
 Parameters:    Size  Location     Type
		None
 Auto vars:     Size  Location     Type
  L1REG           1   28[COMRAM] unsigned char 
 Return value:  Size  Location     Type
                  1    wreg      void 
 Registers used:
		wreg, status,2, status,0
 Tracked objects:
		On entry : 
		On exit  : 
		Unchanged: 
 Data sizes:     COMRAM   BANK0   BANK1   BANK2   BANK3   BANK4   BANK5   BANK6   BANK7   BANK8   BANK9  BANK10  BANK11  BANK12
      Params:         0       0       0       0       0       0       0       0       0       0       0       0       0       0
      Locals:         1       0       0       0       0       0       0       0       0       0       0       0       0       0
      Temps:          0       0       0       0       0       0       0       0       0       0       0       0       0       0
      Totals:         1       0       0       0       0       0       0       0       0       0       0       0       0       0
Total ram usage:        1 bytes
 Hardware stack levels used:    1
 Hardware stack levels required when called:    8
 This function calls:
		Nothing
 This function is called by:
		_command
		_isReady
 This function uses a non-reentrant model


 *************** function _ISRL *****************
 Defined at:
		line 513 in file "SysRiego.c"
 Parameters:    Size  Location     Type
		None
 Auto vars:     Size  Location     Type
		None
 Return value:  Size  Location     Type
                  1    wreg      void 
 Registers used:
		None
 Tracked objects:
		On entry : 
		On exit  : 
		Unchanged: 
 Data sizes:     COMRAM   BANK0   BANK1   BANK2   BANK3   BANK4   BANK5   BANK6   BANK7   BANK8   BANK9  BANK10  BANK11  BANK12
      Params:         0       0       0       0       0       0       0       0       0       0       0       0       0       0
      Locals:         0       0       0       0       0       0       0       0       0       0       0       0       0       0
      Temps:          0      17       0       0       0       0       0       0       0       0       0       0       0       0
      Totals:         0      17       0       0       0       0       0       0       0       0       0       0       0       0
Total ram usage:       17 bytes
 Hardware stack levels used:    1
 Hardware stack levels required when called:    7
 This function calls:
		Nothing
 This function is called by:
		Interrupt level 1
 This function uses a non-reentrant model


 *************** function _ISRH *****************
 Defined at:
		line 517 in file "SysRiego.c"
 Parameters:    Size  Location     Type
		None
 Auto vars:     Size  Location     Type
		None
 Return value:  Size  Location     Type
                  1    wreg      void 
 Registers used:
		wreg, fsr2l, fsr2h, status,2, status,0, prodl, prodh, cstack
 Tracked objects:
		On entry : 
		On exit  : 
		Unchanged: 
 Data sizes:     COMRAM   BANK0   BANK1   BANK2   BANK3   BANK4   BANK5   BANK6   BANK7   BANK8   BANK9  BANK10  BANK11  BANK12
      Params:         0       0       0       0       0       0       0       0       0       0       0       0       0       0
      Locals:         0       0       0       0       0       0       0       0       0       0       0       0       0       0
      Temps:         14       0       0       0       0       0       0       0       0       0       0       0       0       0
      Totals:        14       0       0       0       0       0       0       0       0       0       0       0       0       0
Total ram usage:       14 bytes
 Hardware stack levels used:    1
 Hardware stack levels required when called:    6
 This function calls:
		_groundAllRows
		_oneShot
		_resetOneShot
 This function is called by:
		Interrupt level 2
 This function uses a non-reentrant model


 *************** function _resetOneShot *****************
 Defined at:
		line 262 in file "SysRiego.c"
 Parameters:    Size  Location     Type
		None
 Auto vars:     Size  Location     Type
		None
 Return value:  Size  Location     Type
                  1    wreg      void 
 Registers used:
		wreg, status,2, status,0, cstack
 Tracked objects:
		On entry : 
		On exit  : 
		Unchanged: 
 Data sizes:     COMRAM   BANK0   BANK1   BANK2   BANK3   BANK4   BANK5   BANK6   BANK7   BANK8   BANK9  BANK10  BANK11  BANK12
      Params:         0       0       0       0       0       0       0       0       0       0       0       0       0       0
      Locals:         0       0       0       0       0       0       0       0       0       0       0       0       0       0
      Temps:          0       0       0       0       0       0       0       0       0       0       0       0       0       0
      Totals:         0       0       0       0       0       0       0       0       0       0       0       0       0       0
Total ram usage:        0 bytes
 Hardware stack levels used:    1
 Hardware stack levels required when called:    1
 This function calls:
		_delay
 This function is called by:
		_ISRH
 This function uses a non-reentrant model


 *************** function _oneShot *****************
 Defined at:
		line 252 in file "SysRiego.c"
 Parameters:    Size  Location     Type
		None
 Auto vars:     Size  Location     Type
		None
 Return value:  Size  Location     Type
                  1    wreg      void 
 Registers used:
		wreg, fsr2l, fsr2h, status,2, status,0, prodl, prodh, cstack
 Tracked objects:
		On entry : 
		On exit  : 
		Unchanged: 
 Data sizes:     COMRAM   BANK0   BANK1   BANK2   BANK3   BANK4   BANK5   BANK6   BANK7   BANK8   BANK9  BANK10  BANK11  BANK12
      Params:         0       0       0       0       0       0       0       0       0       0       0       0       0       0
      Locals:         0       0       0       0       0       0       0       0       0       0       0       0       0       0
      Temps:          0       0       0       0       0       0       0       0       0       0       0       0       0       0
      Totals:         0       0       0       0       0       0       0       0       0       0       0       0       0       0
Total ram usage:        0 bytes
 Hardware stack levels used:    1
 Hardware stack levels required when called:    5
 This function calls:
		_delay
		_pressedKey
 This function is called by:
		_ISRH
 This function uses a non-reentrant model


 *************** function _pressedKey *****************
 Defined at:
		line 457 in file "SysRiego.c"
 Parameters:    Size  Location     Type
		None
 Auto vars:     Size  Location     Type
		None
 Return value:  Size  Location     Type
                  1    wreg      void 
 Registers used:
		wreg, fsr2l, fsr2h, status,2, status,0, prodl, prodh, cstack
 Tracked objects:
		On entry : 
		On exit  : 
		Unchanged: 
 Data sizes:     COMRAM   BANK0   BANK1   BANK2   BANK3   BANK4   BANK5   BANK6   BANK7   BANK8   BANK9  BANK10  BANK11  BANK12
      Params:         0       0       0       0       0       0       0       0       0       0       0       0       0       0
      Locals:         0       0       0       0       0       0       0       0       0       0       0       0       0       0
      Temps:          0       0       0       0       0       0       0       0       0       0       0       0       0       0
      Totals:         0       0       0       0       0       0       0       0       0       0       0       0       0       0
Total ram usage:        0 bytes
 Hardware stack levels used:    1
 Hardware stack levels required when called:    4
 This function calls:
		_determinePressedRow
		_getKeyCode
		_pressedKeyAction
 This function is called by:
		_oneShot
 This function uses a non-reentrant model


 *************** function _pressedKeyAction *****************
 Defined at:
		line 418 in file "SysRiego.c"
 Parameters:    Size  Location     Type
  keyCode         1    wreg     unsigned char 
 Auto vars:     Size  Location     Type
  keyCode         1   13[COMRAM] unsigned char 
 Return value:  Size  Location     Type
                  1    wreg      void 
 Registers used:
		wreg, fsr2l, fsr2h, status,2, status,0, prodl, prodh, cstack
 Tracked objects:
		On entry : 
		On exit  : 
		Unchanged: 
 Data sizes:     COMRAM   BANK0   BANK1   BANK2   BANK3   BANK4   BANK5   BANK6   BANK7   BANK8   BANK9  BANK10  BANK11  BANK12
      Params:         0       0       0       0       0       0       0       0       0       0       0       0       0       0
      Locals:         1       0       0       0       0       0       0       0       0       0       0       0       0       0
      Temps:          0       0       0       0       0       0       0       0       0       0       0       0       0       0
      Totals:         1       0       0       0       0       0       0       0       0       0       0       0       0       0
Total ram usage:        1 bytes
 Hardware stack levels used:    1
 Hardware stack levels required when called:    3
 This function calls:
		_displayCharOnLCD
		_displayLineOnLCD
 This function is called by:
		_pressedKey
 This function uses a non-reentrant model


 *************** function _displayLineOnLCD *****************
 Defined at:
		line 471 in file "SysRiego.c"
 Parameters:    Size  Location     Type
  array           2    2[COMRAM] PTR unsigned char 
		 -> CASTELLO(12), GREETING(12), 
  sizeOfArray     1    4[COMRAM] unsigned char 
 Auto vars:     Size  Location     Type
  i               1   12[COMRAM] unsigned char 
 Return value:  Size  Location     Type
                  1    wreg      void 
 Registers used:
		wreg, fsr2l, fsr2h, status,2, status,0, prodl, prodh, cstack
 Tracked objects:
		On entry : 
		On exit  : 
		Unchanged: 
 Data sizes:     COMRAM   BANK0   BANK1   BANK2   BANK3   BANK4   BANK5   BANK6   BANK7   BANK8   BANK9  BANK10  BANK11  BANK12
      Params:         3       0       0       0       0       0       0       0       0       0       0       0       0       0
      Locals:         1       0       0       0       0       0       0       0       0       0       0       0       0       0
      Temps:          7       0       0       0       0       0       0       0       0       0       0       0       0       0
      Totals:        11       0       0       0       0       0       0       0       0       0       0       0       0       0
Total ram usage:       11 bytes
 Hardware stack levels used:    1
 Hardware stack levels required when called:    2
 This function calls:
		_displayCharOnLCD
 This function is called by:
		_pressedKeyAction
 This function uses a non-reentrant model


 *************** function _displayCharOnLCD *****************
 Defined at:
		line 236 in file "SysRiego.c"
 Parameters:    Size  Location     Type
  character       1    wreg     unsigned char 
 Auto vars:     Size  Location     Type
  character       1    1[COMRAM] unsigned char 
 Return value:  Size  Location     Type
                  1    wreg      void 
 Registers used:
		wreg, status,2, status,0, cstack
 Tracked objects:
		On entry : 
		On exit  : 
		Unchanged: 
 Data sizes:     COMRAM   BANK0   BANK1   BANK2   BANK3   BANK4   BANK5   BANK6   BANK7   BANK8   BANK9  BANK10  BANK11  BANK12
      Params:         0       0       0       0       0       0       0       0       0       0       0       0       0       0
      Locals:         1       0       0       0       0       0       0       0       0       0       0       0       0       0
      Temps:          0       0       0       0       0       0       0       0       0       0       0       0       0       0
      Totals:         1       0       0       0       0       0       0       0       0       0       0       0       0       0
Total ram usage:        1 bytes
 Hardware stack levels used:    1
 Hardware stack levels required when called:    1
 This function calls:
		i2_shortDelay
 This function is called by:
		_pressedKeyAction
		_displayLineOnLCD
 This function uses a non-reentrant model


 *************** function i2_shortDelay *****************
 Defined at:
		line 195 in file "SysRiego.c"
 Parameters:    Size  Location     Type
		None
 Auto vars:     Size  Location     Type
  shortDelay      1    0[COMRAM] unsigned char 
 Return value:  Size  Location     Type
                  1    wreg      void 
 Registers used:
		wreg, status,2, status,0
 Tracked objects:
		On entry : 
		On exit  : 
		Unchanged: 
 Data sizes:     COMRAM   BANK0   BANK1   BANK2   BANK3   BANK4   BANK5   BANK6   BANK7   BANK8   BANK9  BANK10  BANK11  BANK12
      Params:         0       0       0       0       0       0       0       0       0       0       0       0       0       0
      Locals:         1       0       0       0       0       0       0       0       0       0       0       0       0       0
      Temps:          0       0       0       0       0       0       0       0       0       0       0       0       0       0
      Totals:         1       0       0       0       0       0       0       0       0       0       0       0       0       0
Total ram usage:        1 bytes
 Hardware stack levels used:    1
 This function calls:
		Nothing
 This function is called by:
		_displayCharOnLCD
 This function uses a non-reentrant model


 *************** function _getKeyCode *****************
 Defined at:
		line 382 in file "SysRiego.c"
 Parameters:    Size  Location     Type
		None
 Auto vars:     Size  Location     Type
		None
 Return value:  Size  Location     Type
                  1    wreg      unsigned char 
 Registers used:
		wreg, status,2, status,0
 Tracked objects:
		On entry : 
		On exit  : 
		Unchanged: 
 Data sizes:     COMRAM   BANK0   BANK1   BANK2   BANK3   BANK4   BANK5   BANK6   BANK7   BANK8   BANK9  BANK10  BANK11  BANK12
      Params:         0       0       0       0       0       0       0       0       0       0       0       0       0       0
      Locals:         0       0       0       0       0       0       0       0       0       0       0       0       0       0
      Temps:          0       0       0       0       0       0       0       0       0       0       0       0       0       0
      Totals:         0       0       0       0       0       0       0       0       0       0       0       0       0       0
Total ram usage:        0 bytes
 Hardware stack levels used:    1
 This function calls:
		Nothing
 This function is called by:
		_pressedKey
 This function uses a non-reentrant model


 *************** function _determinePressedRow *****************
 Defined at:
		line 293 in file "SysRiego.c"
 Parameters:    Size  Location     Type
		None
 Auto vars:     Size  Location     Type
  i               1    0[COMRAM] unsigned char 
 Return value:  Size  Location     Type
                  1    wreg      void 
 Registers used:
		wreg, status,2, status,0, cstack
 Tracked objects:
		On entry : 
		On exit  : 
		Unchanged: 
 Data sizes:     COMRAM   BANK0   BANK1   BANK2   BANK3   BANK4   BANK5   BANK6   BANK7   BANK8   BANK9  BANK10  BANK11  BANK12
      Params:         0       0       0       0       0       0       0       0       0       0       0       0       0       0
      Locals:         1       0       0       0       0       0       0       0       0       0       0       0       0       0
      Temps:          0       0       0       0       0       0       0       0       0       0       0       0       0       0
      Totals:         1       0       0       0       0       0       0       0       0       0       0       0       0       0
Total ram usage:        1 bytes
 Hardware stack levels used:    1
 Hardware stack levels required when called:    1
 This function calls:
		_turnOnAllRows
 This function is called by:
		_pressedKey
 This function uses a non-reentrant model


 *************** function _turnOnAllRows *****************
 Defined at:
		line 285 in file "SysRiego.c"
 Parameters:    Size  Location     Type
		None
 Auto vars:     Size  Location     Type
		None
 Return value:  Size  Location     Type
                  1    wreg      void 
 Registers used:
		None
 Tracked objects:
		On entry : 
		On exit  : 
		Unchanged: 
 Data sizes:     COMRAM   BANK0   BANK1   BANK2   BANK3   BANK4   BANK5   BANK6   BANK7   BANK8   BANK9  BANK10  BANK11  BANK12
      Params:         0       0       0       0       0       0       0       0       0       0       0       0       0       0
      Locals:         0       0       0       0       0       0       0       0       0       0       0       0       0       0
      Temps:          0       0       0       0       0       0       0       0       0       0       0       0       0       0
      Totals:         0       0       0       0       0       0       0       0       0       0       0       0       0       0
Total ram usage:        0 bytes
 Hardware stack levels used:    1
 This function calls:
		Nothing
 This function is called by:
		_determinePressedRow
 This function uses a non-reentrant model


 *************** function _delay *****************
 Defined at:
		line 276 in file "SysRiego.c"
 Parameters:    Size  Location     Type
		None
 Auto vars:     Size  Location     Type
  L2REG           1    2[COMRAM] unsigned char 
  L1REG           1    1[COMRAM] unsigned char 
 Return value:  Size  Location     Type
                  1    wreg      void 
 Registers used:
		wreg, status,2, status,0
 Tracked objects:
		On entry : 
		On exit  : 
		Unchanged: 
 Data sizes:     COMRAM   BANK0   BANK1   BANK2   BANK3   BANK4   BANK5   BANK6   BANK7   BANK8   BANK9  BANK10  BANK11  BANK12
      Params:         0       0       0       0       0       0       0       0       0       0       0       0       0       0
      Locals:         2       0       0       0       0       0       0       0       0       0       0       0       0       0
      Temps:          1       0       0       0       0       0       0       0       0       0       0       0       0       0
      Totals:         3       0       0       0       0       0       0       0       0       0       0       0       0       0
Total ram usage:        3 bytes
 Hardware stack levels used:    1
 This function calls:
		Nothing
 This function is called by:
		_oneShot
		_resetOneShot
 This function uses a non-reentrant model


 *************** function _groundAllRows *****************
 Defined at:
		line 245 in file "SysRiego.c"
 Parameters:    Size  Location     Type
		None
 Auto vars:     Size  Location     Type
		None
 Return value:  Size  Location     Type
                  1    wreg      void 
 Registers used:
		None
 Tracked objects:
		On entry : 
		On exit  : 
		Unchanged: 
 Data sizes:     COMRAM   BANK0   BANK1   BANK2   BANK3   BANK4   BANK5   BANK6   BANK7   BANK8   BANK9  BANK10  BANK11  BANK12
      Params:         0       0       0       0       0       0       0       0       0       0       0       0       0       0
      Locals:         0       0       0       0       0       0       0       0       0       0       0       0       0       0
      Temps:          0       0       0       0       0       0       0       0       0       0       0       0       0       0
      Totals:         0       0       0       0       0       0       0       0       0       0       0       0       0       0
Total ram usage:        0 bytes
 Hardware stack levels used:    1
 This function calls:
		Nothing
 This function is called by:
		_ISRH
 This function uses a non-reentrant model



MODULE INFORMATION

Module		Function		Class		Link	Load	Size
shared
		__initialization		CODE           	0454	0000	41
		i2_shortDelay  		CODE           	059C	0000	15

shared estimated size: 56

SysRiego.c
		_delay         		CODE           	0532	0000	29
		_LCDSetup      		CODE           	04B8	0000	39
		_isReady       		CODE           	04DE	0000	29
		_pressedKey    		CODE           	038A	0000	71
		_main          		CODE           	03D0	0000	69
		_ISRH          		CODE           	0008	0000	157
		_pressedKeyAction		CODE           	0414	0000	65
		_turnOnAllRows 		CODE           	05AA	0000	11
		_groundAllRows 		CODE           	05B4	0000	11
		_ISRL          		CODE           	0018	0000	143
		_portDAsInput  		CODE           	05C4	0000	5
		_determinePressedRow		CODE           	00AA	0000	299
		_portDAsOutput 		CODE           	05BE	0000	7
		_getKeyCode    		CODE           	01D4	0000	217
		_command       		CODE           	0566	0000	21
		_displayLineOnLCD		CODE           	033A	0000	81
		_displayCharOnLCD		CODE           	057A	0000	21
		_longDelay     		CODE           	048A	0000	47
		_shortDelay    		CODE           	058E	0000	15
		_resetOneShot  		CODE           	04FA	0000	29
		_oneShot       		CODE           	0516	0000	29

SysRiego.c estimated size: 1395

