Microchip MPLAB XC8 Compiler V1.36 ()

Linker command line:

-W-3 --edf=/Applications/microchip/xc8/v1.36/dat/en_msgs.txt -cs \
  -h+dist/default/production/SistemaRiego.X.production.sym \
  --cmf=dist/default/production/SistemaRiego.X.production.cmf -z -Q18F4585 \
  -o/tmp/xcCkcea0L -Mdist/default/production/SistemaRiego.X.production.map \
  -E1 -ver=XC8 -ASTACK=016Ah-0cffh -pstack=STACK -ACODE=00h-0BFFFh \
  -ACONST=00h-0BFFFh -ASMALLCONST=0D00h-0DFFhx179 \
  -AMEDIUMCONST=0D00h-0BFFFh -ACOMRAM=01h-05Fh -AABS1=00h-0CFFh \
  -ABIGRAM=01h-0CFFh -ARAM=060h-0FFh,0100h-01FFhx12 -ABANK0=060h-0FFh \
  -ABANK1=0100h-01FFh -ABANK2=0200h-02FFh -ABANK3=0300h-03FFh \
  -ABANK4=0400h-04FFh -ABANK5=0500h-05FFh -ABANK6=0600h-06FFh \
  -ABANK7=0700h-07FFh -ABANK8=0800h-08FFh -ABANK9=0900h-09FFh \
  -ABANK10=0A00h-0AFFh -ABANK11=0B00h-0BFFh -ABANK12=0C00h-0CFFh \
  -ASFR=0D00h-0DFFhx2,0F00h-0F5Fh,0F60h-0FFFh \
  -preset_vec=00h,intcode=08h,intcodelo=018h,powerup,init,end_init \
  -pramtop=0D00h -psmallconst=SMALLCONST -pmediumconst=MEDIUMCONST \
  -pconst=CONST -AFARRAM=00h-00h -ACONFIG=0300000h-030000Dh -pconfig=CONFIG \
  -AIDLOC=0200000h-0200007h -pidloc=IDLOC -AEEDATA=0F00000h-0F003FFh \
  -peeprom_data=EEDATA \
  -prdata=COMRAM,nvrram=COMRAM,nvbit=COMRAM,rbss=COMRAM,rbit=COMRAM \
  -pfarbss=FARRAM,fardata=FARRAM,nvFARRAM=FARRAM \
  -pintsave_regs=BIGRAM,bigbss=BIGRAM,bigdata=BIGRAM -pbss=RAM \
  -pidata=CODE,irdata=CODE,ibigdata=CODE,ifardata=CODE -prparam=COMRAM \
  /tmp/xc5GxpjUK.obj dist/default/production/SistemaRiego.X.production.obj 

Object code version is 3.11

Machine type is 18F4585

Call graph: (short form)




                Name                               Link     Load   Length Selector   Space Scale
/tmp/xc5GxpjUK.obj
                end_init                             A6       A6        4        C       0
                reset_vec                             0        0        4        0       0
                idloc                            200000   200000        8   200000       0
                config                           300000   300000        E   300000       0
dist/default/production/SistemaRiego.X.production.obj
                intcodelo                            18       18       8E        C       0
                intcode                               8        8        E        4       0
                temp                                 43       43        1        1       1
                smallconst                          D00      D00       16      680       0
                text66                             260C     260C       26     11A6       0
                text65                             2468     2468       30     11A6       0
                text64                             281E     281E        E     11A6       0
                text63                             27DC     27DC       14     11A6       0
                text62                             2878     2878        4     11A6       0
                text61                             286E     286E        6     11A6       0
                text60                             2714     2714       1C     11A6       0
                text59                             2800     2800       10     11A6       0
                text58                             27C8     27C8       14     11A6       0
                text57                             21BC     21BC       72      68B       0
                text56                             25E6     25E6       26     11A6       0
                text55                             2760     2760       18     11A6       0
                text54                             122C     122C      1BA      68B       0
                text53                             285E     285E        A     11A6       0
                text52                             17C6     17C6      12A      68B       0
                text51                             1E6C     1E6C       D8      68B       0
                text50                             234C     234C       46     11A6       0
                text49                             26F8     26F8       1C     11A6       0
                text48                             26DC     26DC       1C     11A6       0
                text47                             26C0     26C0       1C     11A6       0
                text46                             2854     2854        A     11A6       0
                intcode_body                       1544     1544      158      68B       0
                text43                             2810     2810        E     11A6       0
                text42                             27B4     27B4       14     11A6       0
                text41                             2874     2874        4     11A6       0
                text40                             2868     2868        6     11A6       0
                text39                             26A4     26A4       1C     11A6       0
                text38                             24C6     24C6       2E     11A6       0
                text37                             25C0     25C0       26     11A6       0
                text36                             27F0     27F0       10     11A6       0
                text35                             2438     2438       30     11A6       0
                text34                             284A     284A        A     11A6       0
                text33                             27A0     27A0       14     11A6       0
                text32                             20A0     20A0       94      68B       0
                text31                             2840     2840        A     11A6       0
                text30                             2836     2836        A     11A6       0
                text29                             2688     2688       1C     11A6       0
                text28                             282C     282C        A     11A6       0
                text27                             169C     169C      12A      68B       0
                text26                             1D94     1D94       D8      68B       0
                text25                             2392     2392       40     11A6       0
                text24                             266C     266C       1C     11A6       0
                text23                             2632     2632       1E     11A6       0
                text22                             254A     254A       2A     11A6       0
                text21                             1AEE     1AEE       E8      68B       0
                text20                             18F0     18F0      10A      68B       0
                text19                             24F4     24F4       2C     11A6       0
                text18                             1F44     1F44       C8      68B       0
                text17                             19FA     19FA       F4      68B       0
                text16                             13E6     13E6      15E      68B       0
                text15                             2498     2498       2E     11A6       0
                text14                             2520     2520       2A     11A6       0
                text13                             278C     278C       14     11A6       0
                text12                             2748     2748       18     11A6       0
                text11                             23D2     23D2       34     11A6       0
                text10                             259A     259A       26     11A6       0
                text9                              2574     2574       26     11A6       0
                text8                              2778     2778       14     11A6       0
                text7                              1CB8     1CB8       DC      68B       0
                text6                              2730     2730       18     11A6       0
                text5                              2406     2406       32     11A6       0
                text4                              229C     229C       60      68B       0
                text3                              200C     200C       94      68B       0
                text2                               D16      D16      2A8      68B       0
                text1                               FBE      FBE      26E      68B       0
                text0                              1BD6     1BD6       E2      68B       0
                cstackCOMRAM                          1        1       1F        1       1
                cstackBANK0                          CE       CE       1B       60       1
                cstackBANK1                         14F      14F       1B      100       1
                dataBANK1                           100      100       4F      100       1
                dataBANK0                            60       60       6E       60       1
                bssBANK0                             E9       E9        6       60       1
                dataCOMRAM                           20       20       1C        1       1
                bssCOMRAM                            3C       3C        7        1       1
                cinit                              2134     2134       88      68B       0
                idataBANK1                         22FC     22FC       4F      68B       0
                idataBANK0                         222E     222E       6E      68B       0
                idataCOMRAM                        2650     2650       1C     11A6       0

TOTAL           Name                               Link     Load   Length     Space
        CLASS   STACK          

        CLASS   CODE           
                end_init                             A6       A6        4         0
                intcodelo                            18       18       8E         0
                intcode                               8        8        E         0
                reset_vec                             0        0        4         0
                text66                             260C     260C       26         0
                text65                             2468     2468       30         0
                text64                             281E     281E        E         0
                text63                             27DC     27DC       14         0
                text62                             2878     2878        4         0
                text61                             286E     286E        6         0
                text60                             2714     2714       1C         0
                text59                             2800     2800       10         0
                text58                             27C8     27C8       14         0
                text57                             21BC     21BC       72         0
                text56                             25E6     25E6       26         0
                text55                             2760     2760       18         0
                text54                             122C     122C      1BA         0
                text53                             285E     285E        A         0
                text52                             17C6     17C6      12A         0
                text51                             1E6C     1E6C       D8         0
                text50                             234C     234C       46         0
                text49                             26F8     26F8       1C         0
                text48                             26DC     26DC       1C         0
                text47                             26C0     26C0       1C         0
                text46                             2854     2854        A         0
                intcode_body                       1544     1544      158         0
                text43                             2810     2810        E         0
                text42                             27B4     27B4       14         0
                text41                             2874     2874        4         0
                text40                             2868     2868        6         0
                text39                             26A4     26A4       1C         0
                text38                             24C6     24C6       2E         0
                text37                             25C0     25C0       26         0
                text36                             27F0     27F0       10         0
                text35                             2438     2438       30         0
                text34                             284A     284A        A         0
                text33                             27A0     27A0       14         0
                text32                             20A0     20A0       94         0
                text31                             2840     2840        A         0
                text30                             2836     2836        A         0
                text29                             2688     2688       1C         0
                text28                             282C     282C        A         0
                text27                             169C     169C      12A         0
                text26                             1D94     1D94       D8         0
                text25                             2392     2392       40         0
                text24                             266C     266C       1C         0
                text23                             2632     2632       1E         0
                text22                             254A     254A       2A         0
                text21                             1AEE     1AEE       E8         0
                text20                             18F0     18F0      10A         0
                text19                             24F4     24F4       2C         0
                text18                             1F44     1F44       C8         0
                text17                             19FA     19FA       F4         0
                text16                             13E6     13E6      15E         0
                text15                             2498     2498       2E         0
                text14                             2520     2520       2A         0
                text13                             278C     278C       14         0
                text12                             2748     2748       18         0
                text11                             23D2     23D2       34         0
                text10                             259A     259A       26         0
                text9                              2574     2574       26         0
                text8                              2778     2778       14         0
                text7                              1CB8     1CB8       DC         0
                text6                              2730     2730       18         0
                text5                              2406     2406       32         0
                text4                              229C     229C       60         0
                text3                              200C     200C       94         0
                text2                               D16      D16      2A8         0
                text1                               FBE      FBE      26E         0
                text0                              1BD6     1BD6       E2         0
                cinit                              2134     2134       88         0
                idataBANK1                         22FC     22FC       4F         0
                idataBANK0                         222E     222E       6E         0
                idataCOMRAM                        2650     2650       1C         0

        CLASS   CONST          

        CLASS   SMALLCONST     
                smallconst                          D00      D00       16         0

        CLASS   MEDIUMCONST    

        CLASS   COMRAM         
                temp                                 43       43        1         1
                cstackCOMRAM                          1        1       1F         1
                dataCOMRAM                           20       20       1C         1
                bssCOMRAM                            3C       3C        7         1

        CLASS   ABS1           

        CLASS   BIGRAM         

        CLASS   RAM            

        CLASS   BANK0          
                cstackBANK0                          CE       CE       1B         1
                dataBANK0                            60       60       6E         1
                bssBANK0                             E9       E9        6         1

        CLASS   BANK1          
                cstackBANK1                         14F      14F       1B         1
                dataBANK1                           100      100       4F         1

        CLASS   BANK2          

        CLASS   BANK3          

        CLASS   BANK4          

        CLASS   BANK5          

        CLASS   BANK6          

        CLASS   BANK7          

        CLASS   BANK8          

        CLASS   BANK9          

        CLASS   BANK10         

        CLASS   BANK11         

        CLASS   BANK12         

        CLASS   SFR            

        CLASS   FARRAM         

        CLASS   CONFIG         
                config                           300000   300000        E         0

        CLASS   IDLOC          
                idloc                            200000   200000        8         0

        CLASS   EEDATA         



SEGMENTS        Name                           Load    Length   Top    Selector   Space  Class

                reset_vec                      000000  000004  000004         0       0  CODE    
                cstackCOMRAM                   000001  000043  000044         1       1  COMRAM  
                intcode                        000008  00000E  000016         4       0  CODE    
                intcodelo                      000018  000092  0000AA         C       0  CODE    
                dataBANK0                      000060  00008F  0000EF        60       1  BANK0   
                dataBANK1                      000100  00006A  00016A       100       1  BANK1   
                smallconst                     000D00  000016  000D16       680       0  SMALLCON
                text2                          000D16  001635  00234B       68B       0  CODE    
                text50                         00234C  000530  00287C      11A6       0  CODE    
                idloc                          200000  000008  200008    200000       0  IDLOC   
                config                         300000  00000E  30000E    300000       0  CONFIG  


UNUSED ADDRESS RANGES

        Name                Unused          Largest block    Delta
        BANK0            0000EF-0000FF               11
        BANK1            00016A-0001FF               96
        BANK10           000A00-000AFF              100
        BANK11           000B00-000BFF              100
        BANK12           000C00-000CFF              100
        BANK2            000200-0002FF              100
        BANK3            000300-0003FF              100
        BANK4            000400-0004FF              100
        BANK5            000500-0005FF              100
        BANK6            000600-0006FF              100
        BANK7            000700-0007FF              100
        BANK8            000800-0008FF              100
        BANK9            000900-0009FF              100
        BIGRAM           000044-00005F               1C
                         0000EF-0000FF               11
                         00016A-000CFF              B96
        CODE             000004-000007                4
                         000016-000017                2
                         0000AA-000CFF              C56
                         00234B-00234B                1
                         00287C-00BFFF             9784
        COMRAM           000044-00005F               1C
        CONST            000004-000007                4
                         000016-000017                2
                         0000AA-000CFF              C56
                         00234B-00234B                1
                         00287C-00BFFF             9784
        EEDATA           F00000-F003FF              400
        MEDIUMCONST      00234B-00234B                1
                         00287C-00BFFF             9784
        RAM              0000EF-0000FF               11
                         00016A-000CFF              100
        SFR              000D00-000FFF              100
        SMALLCONST       00234B-00234B                1
                         00287C-00BFFF              100
        STACK            00016A-000CFF              B96

                                  Symbol Table

?___awmod                        cstackBANK0  0000DF
?___ftmul                        cstackBANK1  00014F
?___ftpack                       cstackBANK0  0000DF
?___lbtoft                       cstackBANK0  0000E4
?___lwtoft                       cstackBANK0  0000E4
_ADCON0                          (abs)        000FC2
_ADCON0bits                      (abs)        000FC2
_ADCON1                          (abs)        000FC1
_ADCON2                          (abs)        000FC0
_ADRES                           (abs)        000FC3
_CASTELLO                        dataBANK1    00011E
_CMCON                           (abs)        000FB4
_CONVERSIONRATE                  dataBANK0    00006C
_CVRCONbits                      (abs)        000FB5
_GREETING                        dataBANK1    000112
_INTCON2bits                     (abs)        000FF1
_INTCONbits                      (abs)        000FF2
_IPR1bits                        (abs)        000F9F
_ISRH                            intcode      000008
_ISRL                            intcodelo    000018
_LATA                            (abs)        000F89
_LATB                            (abs)        000F8A
_LATC                            (abs)        000F8B
_LATEbits                        (abs)        000F8D
_LCDSetup                        text37       0025C0
_OSCCON                          (abs)        000FD3
_PIE1bits                        (abs)        000F9D
_PIR1bits                        (abs)        000F9E
_PORTA                           (abs)        000F80
_PORTB                           (abs)        000F81
_PORTBbits                       (abs)        000F81
_PORTC                           (abs)        000F82
_PORTCbits                       (abs)        000F82
_PORTD                           (abs)        000F83
_PORTDbits                       (abs)        000F83
_PORTEbits                       (abs)        000F84
_RCONbits                        (abs)        000FD0
_T0CON                           (abs)        000FD5
_T0CONbits                       (abs)        000FD5
_TMR0                            (abs)        000FD6
_TMR0IE                          (abs)        007F95
_TMR0IF                          (abs)        007F92
_TRISA                           (abs)        000F92
_TRISAbits                       (abs)        000F92
_TRISB                           (abs)        000F93
_TRISBbits                       (abs)        000F93
_TRISC                           (abs)        000F94
_TRISD                           (abs)        000F95
_TRISEbits                       (abs)        000F96
__CFG_LVP$OFF                    (abs)        000000
__CFG_MCLRE$ON                   (abs)        000000
__CFG_OSC$IRCIO67                (abs)        000000
__CFG_PBADEN$OFF                 (abs)        000000
__CFG_WDT$OFF                    (abs)        000000
__HRAM                           (abs)        000000
__Habs1                          abs1         000000
__Hbank0                         bank0        000000
__Hbank1                         bank1        000000
__Hbank10                        bank10       000000
__Hbank11                        bank11       000000
__Hbank12                        bank12       000000
__Hbank2                         bank2        000000
__Hbank3                         bank3        000000
__Hbank4                         bank4        000000
__Hbank5                         bank5        000000
__Hbank6                         bank6        000000
__Hbank7                         bank7        000000
__Hbank8                         bank8        000000
__Hbank9                         bank9        000000
__Hbigbss                        bigbss       000000
__Hbigdata                       bigdata      000000
__Hbigram                        bigram       000000
__Hbss                           bss          000000
__HbssBANK0                      bssBANK0     000000
__HbssCOMRAM                     bssCOMRAM    000000
__Hcinit                         cinit        000000
__Hclrtext                       clrtext      000000
__Hcomram                        comram       000000
__Hconfig                        config       30000E
__Hconst                         const        000000
__HcstackBANK0                   cstackBANK0  000000
__HcstackBANK1                   cstackBANK1  000000
__HcstackCOMRAM                  cstackCOMRAM 000000
__Hdata                          data         000000
__HdataBANK0                     dataBANK0    000000
__HdataBANK1                     dataBANK1    000000
__HdataCOMRAM                    dataCOMRAM   000000
__Heeprom_data                   eeprom_data  000000
__Hend_init                      end_init     0000AA
__Hfarbss                        farbss       000000
__Hfardata                       fardata      000000
__Hibigdata                      ibigdata     000000
__Hidata                         idata        000000
__HidataBANK0                    idataBANK0   000000
__HidataBANK1                    idataBANK1   000000
__HidataCOMRAM                   idataCOMRAM  000000
__Hidloc                         idloc        200008
__Hifardata                      ifardata     000000
__Hinit                          init         0000A6
__Hintcode                       intcode      000016
__Hintcode_body                  intcode_body 000000
__Hintcodelo                     intcodelo    0000A6
__Hintentry                      intentry     000000
__Hintret                        intret       000000
__Hintsave_regs                  intsave_regs 000000
__Hirdata                        irdata       000000
__Hmediumconst                   mediumconst  000000
__HnvFARRAM                      nvFARRAM     000000
__Hnvbit                         nvbit        000000
__Hnvrram                        nvrram       000000
__Hparam                         rparam       000000
__Hpowerup                       powerup      0000A6
__Hram                           ram          000000
__Hramtop                        ramtop       000D00
__Hrbit                          rbit         000000
__Hrbss                          rbss         000000
__Hrdata                         rdata        000000
__Hreset_vec                     reset_vec    000004
__Hrparam                        rparam       000000
__Hsfr                           sfr          000000
__Hsmallconst                    smallconst   000D16
__Hspace_0                       (abs)        30000E
__Hspace_1                       (abs)        00016A
__Hspace_2                       (abs)        000000
__Hstack                         stack        000000
__Hstruct                        struct       000000
__Htemp                          temp         000044
__Htext                          text         000000
__Htext0                         text0        000000
__Htext1                         text1        000000
__Htext10                        text10       000000
__Htext11                        text11       000000
__Htext12                        text12       000000
__Htext13                        text13       000000
__Htext14                        text14       000000
__Htext15                        text15       000000
__Htext16                        text16       000000
__Htext17                        text17       000000
__Htext18                        text18       000000
__Htext19                        text19       000000
__Htext2                         text2        000000
__Htext20                        text20       000000
__Htext21                        text21       000000
__Htext22                        text22       000000
__Htext23                        text23       000000
__Htext24                        text24       000000
__Htext25                        text25       000000
__Htext26                        text26       000000
__Htext27                        text27       000000
__Htext28                        text28       000000
__Htext29                        text29       000000
__Htext3                         text3        000000
__Htext30                        text30       000000
__Htext31                        text31       000000
__Htext32                        text32       000000
__Htext33                        text33       000000
__Htext34                        text34       000000
__Htext35                        text35       000000
__Htext36                        text36       000000
__Htext37                        text37       000000
__Htext38                        text38       000000
__Htext39                        text39       000000
__Htext4                         text4        000000
__Htext40                        text40       000000
__Htext41                        text41       000000
__Htext42                        text42       000000
__Htext43                        text43       000000
__Htext46                        text46       000000
__Htext47                        text47       000000
__Htext48                        text48       000000
__Htext49                        text49       000000
__Htext5                         text5        000000
__Htext50                        text50       000000
__Htext51                        text51       000000
__Htext52                        text52       000000
__Htext53                        text53       000000
__Htext54                        text54       000000
__Htext55                        text55       000000
__Htext56                        text56       000000
__Htext57                        text57       000000
__Htext58                        text58       000000
__Htext59                        text59       000000
__Htext6                         text6        000000
__Htext60                        text60       000000
__Htext61                        text61       000000
__Htext62                        text62       000000
__Htext63                        text63       000000
__Htext64                        text64       000000
__Htext65                        text65       000000
__Htext66                        text66       000000
__Htext7                         text7        000000
__Htext8                         text8        000000
__Htext9                         text9        000000
__LRAM                           (abs)        000001
__Labs1                          abs1         000000
__Lbank0                         bank0        000000
__Lbank1                         bank1        000000
__Lbank10                        bank10       000000
__Lbank11                        bank11       000000
__Lbank12                        bank12       000000
__Lbank2                         bank2        000000
__Lbank3                         bank3        000000
__Lbank4                         bank4        000000
__Lbank5                         bank5        000000
__Lbank6                         bank6        000000
__Lbank7                         bank7        000000
__Lbank8                         bank8        000000
__Lbank9                         bank9        000000
__Lbigbss                        bigbss       000000
__Lbigdata                       bigdata      000000
__Lbigram                        bigram       000000
__Lbss                           bss          000000
__LbssBANK0                      bssBANK0     000000
__LbssCOMRAM                     bssCOMRAM    000000
__Lcinit                         cinit        000000
__Lclrtext                       clrtext      000000
__Lcomram                        comram       000000
__Lconfig                        config       300000
__Lconst                         const        000000
__LcstackBANK0                   cstackBANK0  000000
__LcstackBANK1                   cstackBANK1  000000
__LcstackCOMRAM                  cstackCOMRAM 000000
__Ldata                          data         000000
__LdataBANK0                     dataBANK0    000000
__LdataBANK1                     dataBANK1    000000
__LdataCOMRAM                    dataCOMRAM   000000
__Leeprom_data                   eeprom_data  000000
__Lend_init                      end_init     0000A6
__Lfarbss                        farbss       000000
__Lfardata                       fardata      000000
__Libigdata                      ibigdata     000000
__Lidata                         idata        000000
__LidataBANK0                    idataBANK0   000000
__LidataBANK1                    idataBANK1   000000
__LidataCOMRAM                   idataCOMRAM  000000
__Lidloc                         idloc        200000
__Lifardata                      ifardata     000000
__Linit                          init         0000A6
__Lintcode                       intcode      000008
__Lintcode_body                  intcode_body 000000
__Lintcodelo                     intcodelo    000018
__Lintentry                      intentry     000000
__Lintret                        intret       000000
__Lintsave_regs                  intsave_regs 000000
__Lirdata                        irdata       000000
__Lmediumconst                   mediumconst  000000
__LnvFARRAM                      nvFARRAM     000000
__Lnvbit                         nvbit        000000
__Lnvrram                        nvrram       000000
__Lparam                         rparam       000000
__Lpowerup                       powerup      0000A6
__Lram                           ram          000000
__Lramtop                        ramtop       000D00
__Lrbit                          rbit         000000
__Lrbss                          rbss         000000
__Lrdata                         rdata        000000
__Lreset_vec                     reset_vec    000000
__Lrparam                        rparam       000000
__Lsfr                           sfr          000000
__Lsmallconst                    smallconst   000D00
__Lspace_0                       (abs)        000000
__Lspace_1                       (abs)        000000
__Lspace_2                       (abs)        000000
__Lstack                         stack        000000
__Lstruct                        struct       000000
__Ltemp                          temp         000043
__Ltext                          text         000000
__Ltext0                         text0        000000
__Ltext1                         text1        000000
__Ltext10                        text10       000000
__Ltext11                        text11       000000
__Ltext12                        text12       000000
__Ltext13                        text13       000000
__Ltext14                        text14       000000
__Ltext15                        text15       000000
__Ltext16                        text16       000000
__Ltext17                        text17       000000
__Ltext18                        text18       000000
__Ltext19                        text19       000000
__Ltext2                         text2        000000
__Ltext20                        text20       000000
__Ltext21                        text21       000000
__Ltext22                        text22       000000
__Ltext23                        text23       000000
__Ltext24                        text24       000000
__Ltext25                        text25       000000
__Ltext26                        text26       000000
__Ltext27                        text27       000000
__Ltext28                        text28       000000
__Ltext29                        text29       000000
__Ltext3                         text3        000000
__Ltext30                        text30       000000
__Ltext31                        text31       000000
__Ltext32                        text32       000000
__Ltext33                        text33       000000
__Ltext34                        text34       000000
__Ltext35                        text35       000000
__Ltext36                        text36       000000
__Ltext37                        text37       000000
__Ltext38                        text38       000000
__Ltext39                        text39       000000
__Ltext4                         text4        000000
__Ltext40                        text40       000000
__Ltext41                        text41       000000
__Ltext42                        text42       000000
__Ltext43                        text43       000000
__Ltext46                        text46       000000
__Ltext47                        text47       000000
__Ltext48                        text48       000000
__Ltext49                        text49       000000
__Ltext5                         text5        000000
__Ltext50                        text50       000000
__Ltext51                        text51       000000
__Ltext52                        text52       000000
__Ltext53                        text53       000000
__Ltext54                        text54       000000
__Ltext55                        text55       000000
__Ltext56                        text56       000000
__Ltext57                        text57       000000
__Ltext58                        text58       000000
__Ltext59                        text59       000000
__Ltext6                         text6        000000
__Ltext60                        text60       000000
__Ltext61                        text61       000000
__Ltext62                        text62       000000
__Ltext63                        text63       000000
__Ltext64                        text64       000000
__Ltext65                        text65       000000
__Ltext66                        text66       000000
__Ltext7                         text7        000000
__Ltext8                         text8        000000
__Ltext9                         text9        000000
__S0                             (abs)        30000E
__S1                             (abs)        00016A
__S2                             (abs)        000000
___awmod                         text3        00200C
___awmod@counter                 cstackCOMRAM 00001D
___awmod@dividend                cstackBANK0  0000DF
___awmod@divisor                 cstackBANK0  0000E1
___awmod@sign                    cstackCOMRAM 00001E
___ftge                          text18       001F44
___ftge@ff1                      cstackBANK1  00015E
___ftge@ff2                      cstackBANK1  000161
___ftmul                         text16       0013E6
___ftmul@cntr                    cstackBANK1  00015C
___ftmul@exp                     cstackBANK1  000158
___ftmul@f1                      cstackBANK1  00014F
___ftmul@f2                      cstackBANK1  000152
___ftmul@f3_as_product           cstackBANK1  000159
___ftmul@sign                    cstackBANK1  00015D
___ftpack                        text17       0019FA
___ftpack@arg                    cstackBANK0  0000DF
___ftpack@exp                    cstackBANK0  0000E2
___ftpack@sign                   cstackBANK0  0000E3
___inthi_sp                      stack        000000
___intlo_sp                      stack        000000
___lbtoft                        text15       002498
___lbtoft@c                      cstackBANK0  0000E7
___lwtoft                        text14       002520
___lwtoft@c                      cstackBANK0  0000E4
___param_bank                    (abs)        000010
___rparam_used                   (abs)        000001
___sp                            stack        000000
__accesstop                      (abs)        000060
__activetblptr                   (abs)        000002
__end_of_ISRH                    intcode_body 00169C
__end_of_ISRL                    intcodelo    0000A6
__end_of_LCDSetup                text37       0025E6
__end_of___awmod                 text3        0020A0
__end_of___ftge                  text18       00200C
__end_of___ftmul                 text16       001544
__end_of___ftpack                text17       001AEE
__end_of___lbtoft                text15       0024C6
__end_of___lwtoft                text14       00254A
__end_of__initialization         cinit        0021AE
__end_of_automaticConfiguration  text21       001BD6
__end_of_clearDisplay            text36       002800
__end_of_clearEndTimes           text4        0022FC
__end_of_command                 text42       0027C8
__end_of_convertCharsToInt       text35       002468
__end_of_delay                   text29       0026A4
__end_of_determinePressedRow     text27       0017C6
__end_of_disableACInterrupts     text13       0027A0
__end_of_disableIntRBIE          text34       002854
__end_of_displayCharOnLCD        text33       0027B4
__end_of_displayLineOnLCD        text32       002134
__end_of_enableACInterrupts      text12       002760
__end_of_enableIntRBIE           text31       00284A
__end_of_getInput                text22       002574
__end_of_getKeyCode              text26       001E6C
__end_of_groundAllRows           text30       002840
__end_of_irrigateManual          text65       002498
__end_of_isReady                 text39       0026C0
__end_of_longDelay               text38       0024F4
__end_of_main                    text0        001CB8
__end_of_manualConfiguration     text20       0019FA
__end_of_oneShot                 text48       0026F8
__end_of_portDAsInput            text41       002878
__end_of_portDAsOutput           text40       00286E
__end_of_pressedKey              text50       002392
__end_of_pressedKeyAction        text54       0013E6
__end_of_readInput               text24       002688
__end_of_readKey                 text25       0023D2
__end_of_resetOneShot            text47       0026DC
__end_of_resetReadInput          text23       002650
__end_of_shortDelay              text43       00281E
__end_of_startAC                 text11       002406
__end_of_startIrrigation         text10       0025C0
__end_of_stopAllIrrigation       text8        00278C
__end_of_stopIrrigateManual      text6        002748
__end_of_stopIrrigation          text9        00259A
__end_of_timerConfiguration      text19       002520
__end_of_turnOnAllRows           text28       002836
__end_of_updateEndTime           text2        000FBE
__end_of_workingAutomatic        text7        001D94
__end_of_workingManual           text5        002438
__end_of_workingTimer            text1        00122C
__end_ofi2_clearDisplay          text59       002810
__end_ofi2_command               text63       0027F0
__end_ofi2_delay                 text49       002714
__end_ofi2_determinePressedRow   text52       0018F0
__end_ofi2_displayCharOnLCD      text58       0027DC
__end_ofi2_displayLineOnLCD      text57       00222E
__end_ofi2_getKeyCode            text51       001F44
__end_ofi2_groundAllRows         text46       00285E
__end_ofi2_isReady               text60       002730
__end_ofi2_portDAsInput          text62       00287C
__end_ofi2_portDAsOutput         text61       002874
__end_ofi2_shortDelay            text64       00282C
__end_ofi2_startIrrigation       text66       002632
__end_ofi2_stopIrrigateManual    text55       002778
__end_ofi2_stopIrrigation        text56       00260C
__end_ofi2_turnOnAllRows         text53       002868
__initialization                 cinit        002134
__mediumconst                    mediumconst  000000
__pbssBANK0                      bssBANK0     0000E9
__pbssCOMRAM                     bssCOMRAM    00003C
__pcinit                         cinit        002134
__pcstackBANK0                   cstackBANK0  0000CE
__pcstackBANK1                   cstackBANK1  00014F
__pcstackCOMRAM                  cstackCOMRAM 000001
__pdataBANK0                     dataBANK0    000060
__pdataBANK1                     dataBANK1    000100
__pdataCOMRAM                    dataCOMRAM   000020
__pidataBANK0                    idataBANK0   00222E
__pidataBANK1                    idataBANK1   0022FC
__pidataCOMRAM                   idataCOMRAM  002650
__pintcode                       intcode      000008
__pintcode_body                  intcode_body 001544
__pintcodelo                     intcodelo    000018
__psmallconst                    smallconst   000D00
__ptext0                         text0        001BD6
__ptext1                         text1        000FBE
__ptext10                        text10       00259A
__ptext11                        text11       0023D2
__ptext12                        text12       002748
__ptext13                        text13       00278C
__ptext14                        text14       002520
__ptext15                        text15       002498
__ptext16                        text16       0013E6
__ptext17                        text17       0019FA
__ptext18                        text18       001F44
__ptext19                        text19       0024F4
__ptext2                         text2        000D16
__ptext20                        text20       0018F0
__ptext21                        text21       001AEE
__ptext22                        text22       00254A
__ptext23                        text23       002632
__ptext24                        text24       00266C
__ptext25                        text25       002392
__ptext26                        text26       001D94
__ptext27                        text27       00169C
__ptext28                        text28       00282C
__ptext29                        text29       002688
__ptext3                         text3        00200C
__ptext30                        text30       002836
__ptext31                        text31       002840
__ptext32                        text32       0020A0
__ptext33                        text33       0027A0
__ptext34                        text34       00284A
__ptext35                        text35       002438
__ptext36                        text36       0027F0
__ptext37                        text37       0025C0
__ptext38                        text38       0024C6
__ptext39                        text39       0026A4
__ptext4                         text4        00229C
__ptext40                        text40       002868
__ptext41                        text41       002874
__ptext42                        text42       0027B4
__ptext43                        text43       002810
__ptext46                        text46       002854
__ptext47                        text47       0026C0
__ptext48                        text48       0026DC
__ptext49                        text49       0026F8
__ptext5                         text5        002406
__ptext50                        text50       00234C
__ptext51                        text51       001E6C
__ptext52                        text52       0017C6
__ptext53                        text53       00285E
__ptext54                        text54       00122C
__ptext55                        text55       002760
__ptext56                        text56       0025E6
__ptext57                        text57       0021BC
__ptext58                        text58       0027C8
__ptext59                        text59       002800
__ptext6                         text6        002730
__ptext60                        text60       002714
__ptext61                        text61       00286E
__ptext62                        text62       002878
__ptext63                        text63       0027DC
__ptext64                        text64       00281E
__ptext65                        text65       002468
__ptext66                        text66       00260C
__ptext7                         text7        001CB8
__ptext8                         text8        002778
__ptext9                         text9        002574
__ramtop                         ramtop       000D00
__size_of_ISRH                   (abs)        000000
__size_of_ISRL                   (abs)        000000
__size_of_LCDSetup               (abs)        000000
__size_of___awmod                (abs)        000000
__size_of___ftge                 (abs)        000000
__size_of___ftmul                (abs)        000000
__size_of___ftpack               (abs)        000000
__size_of___lbtoft               (abs)        000000
__size_of___lwtoft               (abs)        000000
__size_of_automaticConfiguration (abs)        000000
__size_of_clearDisplay           (abs)        000000
__size_of_clearEndTimes          (abs)        000000
__size_of_command                (abs)        000000
__size_of_convertCharsToInt      (abs)        000000
__size_of_delay                  (abs)        000000
__size_of_determinePressedRow    (abs)        000000
__size_of_disableACInterrupts    (abs)        000000
__size_of_disableIntRBIE         (abs)        000000
__size_of_displayCharOnLCD       (abs)        000000
__size_of_displayLineOnLCD       (abs)        000000
__size_of_enableACInterrupts     (abs)        000000
__size_of_enableIntRBIE          (abs)        000000
__size_of_getInput               (abs)        000000
__size_of_getKeyCode             (abs)        000000
__size_of_groundAllRows          (abs)        000000
__size_of_irrigateManual         (abs)        000000
__size_of_isReady                (abs)        000000
__size_of_longDelay              (abs)        000000
__size_of_main                   (abs)        000000
__size_of_manualConfiguration    (abs)        000000
__size_of_oneShot                (abs)        000000
__size_of_portDAsInput           (abs)        000000
__size_of_portDAsOutput          (abs)        000000
__size_of_pressedKey             (abs)        000000
__size_of_pressedKeyAction       (abs)        000000
__size_of_readInput              (abs)        000000
__size_of_readKey                (abs)        000000
__size_of_resetOneShot           (abs)        000000
__size_of_resetReadInput         (abs)        000000
__size_of_shortDelay             (abs)        000000
__size_of_startAC                (abs)        000000
__size_of_startIrrigation        (abs)        000000
__size_of_stopAllIrrigation      (abs)        000000
__size_of_stopIrrigateManual     (abs)        000000
__size_of_stopIrrigation         (abs)        000000
__size_of_timerConfiguration     (abs)        000000
__size_of_turnOnAllRows          (abs)        000000
__size_of_updateEndTime          (abs)        000000
__size_of_workingAutomatic       (abs)        000000
__size_of_workingManual          (abs)        000000
__size_of_workingTimer           (abs)        000000
__size_ofi2_clearDisplay         (abs)        000000
__size_ofi2_command              (abs)        000000
__size_ofi2_delay                (abs)        000000
__size_ofi2_determinePressedRow  (abs)        000000
__size_ofi2_displayCharOnLCD     (abs)        000000
__size_ofi2_displayLineOnLCD     (abs)        000000
__size_ofi2_getKeyCode           (abs)        000000
__size_ofi2_groundAllRows        (abs)        000000
__size_ofi2_isReady              (abs)        000000
__size_ofi2_portDAsInput         (abs)        000000
__size_ofi2_portDAsOutput        (abs)        000000
__size_ofi2_shortDelay           (abs)        000000
__size_ofi2_startIrrigation      (abs)        000000
__size_ofi2_stopIrrigateManual   (abs)        000000
__size_ofi2_stopIrrigation       (abs)        000000
__size_ofi2_turnOnAllRows        (abs)        000000
__smallconst                     smallconst   000D00
_automaticConfiguration          text21       001AEE
_automaticMessage                dataBANK1    000129
_clearDisplay                    text36       0027F0
_clearEndTimes                   text4        00229C
_columnSelected                  bssCOMRAM    00003C
_command                         text42       0027B4
_configAutoMessage               dataBANK1    000144
_convertCharsToInt               text35       002438
_counterDAYS                     dataCOMRAM   000020
_counterHOUR                     dataBANK0    0000BF
_counterMIN                      dataBANK0    0000C2
_counterSEC                      dataCOMRAM   000021
_dayName                         dataBANK0    0000BB
_delay                           text29       002688
_determinePressedRow             text27       00169C
_disableACInterrupts             text13       00278C
_disableIntRBIE                  text34       00284A
_displayCharOnLCD                text33       0027A0
_displayLineOnLCD                text32       0020A0
_enableACInterrupts              text12       002748
_enableIntRBIE                   text31       002840
_endTimeZn1                      dataBANK0    00007F
_endTimeZn2                      dataBANK0    000084
_endTimeZn3                      dataBANK0    000089
_getInput                        text22       00254A
_getKeyCode                      text26       001D94
_getValueStatus                  bssCOMRAM    00003D
_groundAllRows                   text30       002836
_hourConfiguration               bssCOMRAM    00003E
_humidityZn1Val                  dataCOMRAM   00002D
_humidityZn1ValInt               dataCOMRAM   000036
_humidityZn2Val                  dataCOMRAM   000030
_humidityZn2ValInt               dataCOMRAM   000037
_humidityZn3Val                  dataCOMRAM   000033
_humidityZn3ValInt               dataCOMRAM   000038
_humidityZnValInt                bssBANK0     0000E9
_humidityZnValuesInt             dataBANK0    000060
_irrigateManual                  text65       002468
_irrigateManualStatus            bssCOMRAM    00003F
_irrigateTimeZn1                 dataBANK0    0000C5
_irrigateTimeZn2                 dataBANK0    0000C8
_irrigateTimeZn3                 dataBANK0    0000CB
_isReady                         text39       0026A4
_keyCode                         bssCOMRAM    000040
_longDelay                       text38       0024C6
_main                            text0        001BD6
_manualActiveMessage             dataBANK0    000078
_manualConfiguration             text20       0018F0
_manualInactiveMessage           dataBANK0    00006F
_manualMessage                   dataBANK1    000138
_manualZn1Val                    dataCOMRAM   000039
_manualZn2Val                    dataCOMRAM   00003A
_manualZn3Val                    dataCOMRAM   00003B
_modeSelected                    bssBANK0     0000ED
_oneShot                         text48       0026DC
_oneShotFlag                     bssCOMRAM    000041
_portDAsInput                    text41       002874
_portDAsOutput                   text40       002868
_pressedKey                      text50       00234C
_pressedKeyAction                text54       00122C
_readInput                       text24       00266C
_readKey                         text25       002392
_resetOneShot                    text47       0026C0
_resetReadInput                  text23       002632
_rowSelected                     bssCOMRAM    000042
_shortDelay                      text43       002810
_startAC                         text11       0023D2
_startIrrigation                 text10       00259A
_statusConfiguration             bssBANK0     0000EE
_stopAllIrrigation               text8        002778
_stopIrrigateManual              text6        002730
_stopIrrigation                  text9        002574
_time1Zn1                        dataBANK0    00008E
_time1Zn2                        dataBANK0    000093
_time1Zn3                        dataBANK0    000098
_time2Zn1                        dataBANK0    00009D
_time2Zn2                        dataBANK0    0000A2
_time2Zn3                        dataBANK0    0000A7
_time3Zn1                        dataBANK0    0000AC
_time3Zn2                        dataBANK0    0000B1
_time3Zn3                        dataBANK0    0000B6
_timerConfiguration              text19       0024F4
_timerMessage                    dataCOMRAM   000022
_turnOnAllRows                   text28       00282C
_updateEndTime                   text2        000D16
_workingAutomatic                text7        001CB8
_workingManual                   text5        002406
_workingTimer                    text1        000FBE
_zoneEndTimes                    dataBANK0    000066
_zoneSelected                    bssBANK0     0000EB
_zoneTimes                       dataBANK1    000100
automaticConfiguration@counter   cstackBANK1  000150
automaticConfiguration@input     cstackBANK1  000151
btemp                            temp         000043
clearEndTimes@i                  cstackBANK0  0000E1
clearEndTimes@j                  cstackBANK0  0000E2
clearEndTimes@zoneEndTime        cstackBANK0  0000DF
command@x                        cstackCOMRAM 00001E
convertCharsToInt@dozens         cstackBANK0  0000E0
convertCharsToInt@humidityValue  cstackCOMRAM 00001D
convertCharsToInt@units          cstackBANK0  0000DF
delay@L1REG                      cstackCOMRAM 00001E
delay@L2REG                      cstackCOMRAM 00001F
determinePressedRow@i            cstackCOMRAM 00001D
displayCharOnLCD@character       cstackCOMRAM 00001E
displayLineOnLCD@array           cstackBANK0  0000DF
displayLineOnLCD@i               cstackCOMRAM 00001F
displayLineOnLCD@sizeOfArray     cstackBANK0  0000E1
end_of_initialization            cinit        0021AE
i2_clearDisplay                  text59       002800
i2_command                       text63       0027DC
i2_delay                         text49       0026F8
i2_determinePressedRow           text52       0017C6
i2_displayCharOnLCD              text58       0027C8
i2_displayLineOnLCD              text57       0021BC
i2_getKeyCode                    text51       001E6C
i2_groundAllRows                 text46       002854
i2_isReady                       text60       002714
i2_portDAsInput                  text62       002878
i2_portDAsOutput                 text61       00286E
i2_shortDelay                    text64       00281E
i2_startIrrigation               text66       00260C
i2_stopIrrigateManual            text55       002760
i2_stopIrrigation                text56       0025E6
i2_turnOnAllRows                 text53       00285E
i2command@x                      cstackCOMRAM 000002
i2delay@L1REG                    cstackCOMRAM 000002
i2delay@L2REG                    cstackCOMRAM 000003
i2determinePressedRow@i          cstackCOMRAM 000001
i2displayCharOnLCD@character     cstackCOMRAM 000002
i2displayLineOnLCD@array         cstackCOMRAM 000003
i2displayLineOnLCD@i             cstackCOMRAM 00000D
i2displayLineOnLCD@sizeOfArray   cstackCOMRAM 000005
i2shortDelay@L1REG               cstackCOMRAM 000001
i2startIrrigation@zone           cstackCOMRAM 000001
i2stopIrrigation@zone            cstackCOMRAM 000001
int$flags                        temp         000043
int_func                         intcode_body 001544
intlevel0                        text         000000
intlevel1                        text         000000
intlevel2                        text         000000
intlevel3                        text         000000
longDelay@L1REG                  cstackCOMRAM 00001D
longDelay@L2REG                  cstackCOMRAM 00001E
longDelay@L3REG                  cstackCOMRAM 00001F
manualConfiguration@input        cstackBANK1  000150
pressedKeyAction@keyCode         cstackCOMRAM 00000E
shortDelay@L1REG                 cstackCOMRAM 00001D
stackhi                          (abs)        000CFF
stacklo                          (abs)        00016A
start                            init         0000A6
startAC@acChannel                cstackCOMRAM 00001D
startIrrigation@zone             cstackCOMRAM 00001D
start_initialization             cinit        002134
stopIrrigation@zone              cstackCOMRAM 00001D
timerConfiguration@input         cstackBANK0  0000DF
updateEndTime@endTimeZn          cstackBANK0  0000E3
updateEndTime@irrigateTimeZn     cstackBANK0  0000E7
updateEndTime@zoneTime           cstackBANK0  0000E5
workingAutomatic@i               cstackBANK1  000169
workingTimer@endTimeZn           cstackBANK1  000152
workingTimer@i                   cstackBANK1  000154
workingTimer@i_1203              cstackBANK1  000151
workingTimer@j                   cstackBANK1  000150
workingTimer@zoneTime            cstackBANK1  000155


FUNCTION INFORMATION:

 *************** function _main *****************
 Defined at:
		line 256 in file "SysRiego.c"
 Parameters:    Size  Location     Type
		None
 Auto vars:     Size  Location     Type
		None
 Return value:  Size  Location     Type
                  1    wreg      void 
 Registers used:
		wreg, fsr0l, fsr0h, fsr1l, fsr1h, fsr2l, fsr2h, status,2, status,0, tblptrl, tblptrh, tblptru, prodl, prodh, cstack
 Tracked objects:
		On entry : 
		On exit  : 
		Unchanged: 
 Data sizes:     COMRAM   BANK0   BANK1   BANK2   BANK3   BANK4   BANK5   BANK6   BANK7   BANK8   BANK9  BANK10  BANK11  BANK12
      Params:         0       0       0       0       0       0       0       0       0       0       0       0       0       0
      Locals:         0       0       0       0       0       0       0       0       0       0       0       0       0       0
      Temps:          0       0       0       0       0       0       0       0       0       0       0       0       0       0
      Totals:         0       0       0       0       0       0       0       0       0       0       0       0       0       0
Total ram usage:        0 bytes
 Hardware stack levels required when called:   14
 This function calls:
		_LCDSetup
		_automaticConfiguration
		_manualConfiguration
		_portDAsOutput
		_timerConfiguration
		_workingAutomatic
		_workingManual
		_workingTimer
 This function is called by:
		Startup code after reset
 This function uses a non-reentrant model


 *************** function _workingTimer *****************
 Defined at:
		line 668 in file "SysRiego.c"
 Parameters:    Size  Location     Type
		None
 Auto vars:     Size  Location     Type
  j               1    1[BANK1 ] unsigned char 
  endTimeZn       2    3[BANK1 ] PTR unsigned char 
		 -> endTimeZn3(5), endTimeZn2(5), endTimeZn1(5), 
  i               1    2[BANK1 ] unsigned char 
  i               1    5[BANK1 ] unsigned char 
  zoneTime        2    6[BANK1 ] PTR unsigned char 
		 -> time3Zn3(5), time2Zn3(5), time1Zn3(5), time3Zn2(5), 
		 -> time2Zn2(5), time1Zn2(5), time3Zn1(5), time2Zn1(5), 
		 -> time1Zn1(5), 
 Return value:  Size  Location     Type
                  1    wreg      void 
 Registers used:
		wreg, fsr0l, fsr0h, fsr1l, fsr1h, fsr2l, fsr2h, status,2, status,0, tblptrl, tblptrh, tblptru, prodl, prodh, cstack
 Tracked objects:
		On entry : 
		On exit  : 
		Unchanged: 
 Data sizes:     COMRAM   BANK0   BANK1   BANK2   BANK3   BANK4   BANK5   BANK6   BANK7   BANK8   BANK9  BANK10  BANK11  BANK12
      Params:         0       0       0       0       0       0       0       0       0       0       0       0       0       0
      Locals:         0       0       7       0       0       0       0       0       0       0       0       0       0       0
      Temps:          0       0       1       0       0       0       0       0       0       0       0       0       0       0
      Totals:         0       0       8       0       0       0       0       0       0       0       0       0       0       0
Total ram usage:        8 bytes
 Hardware stack levels used:    1
 Hardware stack levels required when called:   11
 This function calls:
		_clearDisplay
		_clearEndTimes
		_command
		_displayLineOnLCD
		_startIrrigation
		_stopAllIrrigation
		_stopIrrigation
		_updateEndTime
 This function is called by:
		_main
 This function uses a non-reentrant model


 *************** function _updateEndTime *****************
 Defined at:
		line 1376 in file "SysRiego.c"
 Parameters:    Size  Location     Type
  endTimeZn       2   21[BANK0 ] PTR unsigned char 
		 -> endTimeZn3(5), endTimeZn2(5), endTimeZn1(5), 
  zoneTime        2   23[BANK0 ] PTR unsigned char 
		 -> time3Zn3(5), time2Zn3(5), time1Zn3(5), time3Zn2(5), 
		 -> time2Zn2(5), time1Zn2(5), time3Zn1(5), time2Zn1(5), 
		 -> time1Zn1(5), 
  irrigateTime    2   25[BANK0 ] PTR unsigned char 
		 -> irrigateTimeZn3(3), irrigateTimeZn2(3), irrigateTimeZn1(3), 
 Auto vars:     Size  Location     Type
		None
 Return value:  Size  Location     Type
                  1    wreg      void 
 Registers used:
		wreg, fsr1l, fsr1h, fsr2l, fsr2h, status,2, status,0, cstack
 Tracked objects:
		On entry : 
		On exit  : 
		Unchanged: 
 Data sizes:     COMRAM   BANK0   BANK1   BANK2   BANK3   BANK4   BANK5   BANK6   BANK7   BANK8   BANK9  BANK10  BANK11  BANK12
      Params:         0       6       0       0       0       0       0       0       0       0       0       0       0       0
      Locals:         0       0       0       0       0       0       0       0       0       0       0       0       0       0
      Temps:          1       0       0       0       0       0       0       0       0       0       0       0       0       0
      Totals:         1       6       0       0       0       0       0       0       0       0       0       0       0       0
Total ram usage:        7 bytes
 Hardware stack levels used:    1
 Hardware stack levels required when called:    9
 This function calls:
		___awmod
 This function is called by:
		_workingTimer
 This function uses a non-reentrant model


 *************** function ___awmod *****************
 Defined at:
		line 8 in file "/Applications/microchip/xc8/v1.36/sources/common/awmod.c"
 Parameters:    Size  Location     Type
  dividend        2   17[BANK0 ] int 
  divisor         2   19[BANK0 ] int 
 Auto vars:     Size  Location     Type
  sign            1   29[COMRAM] unsigned char 
  counter         1   28[COMRAM] unsigned char 
 Return value:  Size  Location     Type
                  2   17[BANK0 ] int 
 Registers used:
		wreg, status,2, status,0
 Tracked objects:
		On entry : 
		On exit  : 
		Unchanged: 
 Data sizes:     COMRAM   BANK0   BANK1   BANK2   BANK3   BANK4   BANK5   BANK6   BANK7   BANK8   BANK9  BANK10  BANK11  BANK12
      Params:         0       4       0       0       0       0       0       0       0       0       0       0       0       0
      Locals:         2       0       0       0       0       0       0       0       0       0       0       0       0       0
      Temps:          0       0       0       0       0       0       0       0       0       0       0       0       0       0
      Totals:         2       4       0       0       0       0       0       0       0       0       0       0       0       0
Total ram usage:        6 bytes
 Hardware stack levels used:    1
 Hardware stack levels required when called:    8
 This function calls:
		Nothing
 This function is called by:
		_updateEndTime
 This function uses a non-reentrant model


 *************** function _clearEndTimes *****************
 Defined at:
		line 1568 in file "SysRiego.c"
 Parameters:    Size  Location     Type
		None
 Auto vars:     Size  Location     Type
  j               1   20[BANK0 ] unsigned char 
  zoneEndTime     2   17[BANK0 ] PTR unsigned char 
		 -> endTimeZn3(5), endTimeZn2(5), endTimeZn1(5), 
  i               1   19[BANK0 ] unsigned char 
 Return value:  Size  Location     Type
                  1    wreg      void 
 Registers used:
		wreg, fsr2l, fsr2h, status,2, status,0, prodl, prodh
 Tracked objects:
		On entry : 
		On exit  : 
		Unchanged: 
 Data sizes:     COMRAM   BANK0   BANK1   BANK2   BANK3   BANK4   BANK5   BANK6   BANK7   BANK8   BANK9  BANK10  BANK11  BANK12
      Params:         0       0       0       0       0       0       0       0       0       0       0       0       0       0
      Locals:         0       4       0       0       0       0       0       0       0       0       0       0       0       0
      Temps:          0       0       0       0       0       0       0       0       0       0       0       0       0       0
      Totals:         0       4       0       0       0       0       0       0       0       0       0       0       0       0
Total ram usage:        4 bytes
 Hardware stack levels used:    1
 Hardware stack levels required when called:    8
 This function calls:
		Nothing
 This function is called by:
		_workingTimer
 This function uses a non-reentrant model


 *************** function _workingManual *****************
 Defined at:
		line 753 in file "SysRiego.c"
 Parameters:    Size  Location     Type
		None
 Auto vars:     Size  Location     Type
		None
 Return value:  Size  Location     Type
                  1    wreg      void 
 Registers used:
		wreg, fsr0l, fsr0h, status,2, status,0, tblptrl, tblptrh, tblptru, prodl, prodh, cstack
 Tracked objects:
		On entry : 
		On exit  : 
		Unchanged: 
 Data sizes:     COMRAM   BANK0   BANK1   BANK2   BANK3   BANK4   BANK5   BANK6   BANK7   BANK8   BANK9  BANK10  BANK11  BANK12
      Params:         0       0       0       0       0       0       0       0       0       0       0       0       0       0
      Locals:         0       0       0       0       0       0       0       0       0       0       0       0       0       0
      Temps:          0       0       0       0       0       0       0       0       0       0       0       0       0       0
      Totals:         0       0       0       0       0       0       0       0       0       0       0       0       0       0
Total ram usage:        0 bytes
 Hardware stack levels used:    1
 Hardware stack levels required when called:   11
 This function calls:
		_clearDisplay
		_displayLineOnLCD
		_stopIrrigateManual
 This function is called by:
		_main
 This function uses a non-reentrant model


 *************** function _stopIrrigateManual *****************
 Defined at:
		line 1479 in file "SysRiego.c"
 Parameters:    Size  Location     Type
		None
 Auto vars:     Size  Location     Type
		None
 Return value:  Size  Location     Type
                  1    wreg      void 
 Registers used:
		wreg, status,2, status,0, cstack
 Tracked objects:
		On entry : 
		On exit  : 
		Unchanged: 
 Data sizes:     COMRAM   BANK0   BANK1   BANK2   BANK3   BANK4   BANK5   BANK6   BANK7   BANK8   BANK9  BANK10  BANK11  BANK12
      Params:         0       0       0       0       0       0       0       0       0       0       0       0       0       0
      Locals:         0       0       0       0       0       0       0       0       0       0       0       0       0       0
      Temps:          0       0       0       0       0       0       0       0       0       0       0       0       0       0
      Totals:         0       0       0       0       0       0       0       0       0       0       0       0       0       0
Total ram usage:        0 bytes
 Hardware stack levels used:    1
 Hardware stack levels required when called:    9
 This function calls:
		_stopIrrigation
 This function is called by:
		_workingManual
 This function uses a non-reentrant model


 *************** function _workingAutomatic *****************
 Defined at:
		line 639 in file "SysRiego.c"
 Parameters:    Size  Location     Type
		None
 Auto vars:     Size  Location     Type
  i               1   26[BANK1 ] unsigned char 
 Return value:  Size  Location     Type
                  1    wreg      void 
 Registers used:
		wreg, fsr0l, fsr0h, fsr2l, fsr2h, status,2, status,0, tblptrl, tblptrh, tblptru, prodl, prodh, cstack
 Tracked objects:
		On entry : 
		On exit  : 
		Unchanged: 
 Data sizes:     COMRAM   BANK0   BANK1   BANK2   BANK3   BANK4   BANK5   BANK6   BANK7   BANK8   BANK9  BANK10  BANK11  BANK12
      Params:         0       0       0       0       0       0       0       0       0       0       0       0       0       0
      Locals:         0       0       1       0       0       0       0       0       0       0       0       0       0       0
      Temps:          0       0       2       0       0       0       0       0       0       0       0       0       0       0
      Totals:         0       0       3       0       0       0       0       0       0       0       0       0       0       0
Total ram usage:        3 bytes
 Hardware stack levels used:    1
 Hardware stack levels required when called:   11
 This function calls:
		___ftge
		___ftmul
		___lbtoft
		___lwtoft
		_clearDisplay
		_disableACInterrupts
		_displayLineOnLCD
		_enableACInterrupts
		_startAC
		_startIrrigation
		_stopAllIrrigation
		_stopIrrigation
 This function is called by:
		_main
 This function uses a non-reentrant model


 *************** function _stopAllIrrigation *****************
 Defined at:
		line 1582 in file "SysRiego.c"
 Parameters:    Size  Location     Type
		None
 Auto vars:     Size  Location     Type
		None
 Return value:  Size  Location     Type
                  1    wreg      void 
 Registers used:
		wreg, status,2, status,0, cstack
 Tracked objects:
		On entry : 
		On exit  : 
		Unchanged: 
 Data sizes:     COMRAM   BANK0   BANK1   BANK2   BANK3   BANK4   BANK5   BANK6   BANK7   BANK8   BANK9  BANK10  BANK11  BANK12
      Params:         0       0       0       0       0       0       0       0       0       0       0       0       0       0
      Locals:         0       0       0       0       0       0       0       0       0       0       0       0       0       0
      Temps:          0       0       0       0       0       0       0       0       0       0       0       0       0       0
      Totals:         0       0       0       0       0       0       0       0       0       0       0       0       0       0
Total ram usage:        0 bytes
 Hardware stack levels used:    1
 Hardware stack levels required when called:    9
 This function calls:
		_stopIrrigation
 This function is called by:
		_workingAutomatic
		_workingTimer
 This function uses a non-reentrant model


 *************** function _stopIrrigation *****************
 Defined at:
		line 1441 in file "SysRiego.c"
 Parameters:    Size  Location     Type
  zone            1    wreg     unsigned char 
 Auto vars:     Size  Location     Type
  zone            1   28[COMRAM] unsigned char 
 Return value:  Size  Location     Type
                  1    wreg      void 
 Registers used:
		wreg, status,2, status,0
 Tracked objects:
		On entry : 
		On exit  : 
		Unchanged: 
 Data sizes:     COMRAM   BANK0   BANK1   BANK2   BANK3   BANK4   BANK5   BANK6   BANK7   BANK8   BANK9  BANK10  BANK11  BANK12
      Params:         0       0       0       0       0       0       0       0       0       0       0       0       0       0
      Locals:         1       0       0       0       0       0       0       0       0       0       0       0       0       0
      Temps:          0       0       0       0       0       0       0       0       0       0       0       0       0       0
      Totals:         1       0       0       0       0       0       0       0       0       0       0       0       0       0
Total ram usage:        1 bytes
 Hardware stack levels used:    1
 Hardware stack levels required when called:    8
 This function calls:
		Nothing
 This function is called by:
		_workingAutomatic
		_workingTimer
		_stopIrrigateManual
		_stopAllIrrigation
 This function uses a non-reentrant model


 *************** function _startIrrigation *****************
 Defined at:
		line 1421 in file "SysRiego.c"
 Parameters:    Size  Location     Type
  zone            1    wreg     unsigned char 
 Auto vars:     Size  Location     Type
  zone            1   28[COMRAM] unsigned char 
 Return value:  Size  Location     Type
                  1    wreg      void 
 Registers used:
		wreg, status,2, status,0
 Tracked objects:
		On entry : 
		On exit  : 
		Unchanged: 
 Data sizes:     COMRAM   BANK0   BANK1   BANK2   BANK3   BANK4   BANK5   BANK6   BANK7   BANK8   BANK9  BANK10  BANK11  BANK12
      Params:         0       0       0       0       0       0       0       0       0       0       0       0       0       0
      Locals:         1       0       0       0       0       0       0       0       0       0       0       0       0       0
      Temps:          0       0       0       0       0       0       0       0       0       0       0       0       0       0
      Totals:         1       0       0       0       0       0       0       0       0       0       0       0       0       0
Total ram usage:        1 bytes
 Hardware stack levels used:    1
 Hardware stack levels required when called:    8
 This function calls:
		Nothing
 This function is called by:
		_workingAutomatic
		_workingTimer
 This function uses a non-reentrant model


 *************** function _startAC *****************
 Defined at:
		line 1520 in file "SysRiego.c"
 Parameters:    Size  Location     Type
  acChannel       1    wreg     unsigned char 
 Auto vars:     Size  Location     Type
  acChannel       1   28[COMRAM] unsigned char 
 Return value:  Size  Location     Type
                  1    wreg      void 
 Registers used:
		wreg, status,2, status,0
 Tracked objects:
		On entry : 
		On exit  : 
		Unchanged: 
 Data sizes:     COMRAM   BANK0   BANK1   BANK2   BANK3   BANK4   BANK5   BANK6   BANK7   BANK8   BANK9  BANK10  BANK11  BANK12
      Params:         0       0       0       0       0       0       0       0       0       0       0       0       0       0
      Locals:         1       0       0       0       0       0       0       0       0       0       0       0       0       0
      Temps:          0       0       0       0       0       0       0       0       0       0       0       0       0       0
      Totals:         1       0       0       0       0       0       0       0       0       0       0       0       0       0
Total ram usage:        1 bytes
 Hardware stack levels used:    1
 Hardware stack levels required when called:    8
 This function calls:
		Nothing
 This function is called by:
		_workingAutomatic
 This function uses a non-reentrant model


 *************** function _enableACInterrupts *****************
 Defined at:
		line 1500 in file "SysRiego.c"
 Parameters:    Size  Location     Type
		None
 Auto vars:     Size  Location     Type
		None
 Return value:  Size  Location     Type
                  1    wreg      void 
 Registers used:
		wreg, status,2
 Tracked objects:
		On entry : 
		On exit  : 
		Unchanged: 
 Data sizes:     COMRAM   BANK0   BANK1   BANK2   BANK3   BANK4   BANK5   BANK6   BANK7   BANK8   BANK9  BANK10  BANK11  BANK12
      Params:         0       0       0       0       0       0       0       0       0       0       0       0       0       0
      Locals:         0       0       0       0       0       0       0       0       0       0       0       0       0       0
      Temps:          0       0       0       0       0       0       0       0       0       0       0       0       0       0
      Totals:         0       0       0       0       0       0       0       0       0       0       0       0       0       0
Total ram usage:        0 bytes
 Hardware stack levels used:    1
 Hardware stack levels required when called:    8
 This function calls:
		Nothing
 This function is called by:
		_workingAutomatic
 This function uses a non-reentrant model


 *************** function _disableACInterrupts *****************
 Defined at:
		line 1552 in file "SysRiego.c"
 Parameters:    Size  Location     Type
		None
 Auto vars:     Size  Location     Type
[...]
                  1    wreg      void 
 Registers used:
		wreg, status,2, status,0, cstack
 Tracked objects:
		On entry : 
		On exit  : 
		Unchanged: 
 Data sizes:     COMRAM   BANK0   BANK1   BANK2   BANK3   BANK4   BANK5   BANK6   BANK7   BANK8   BANK9  BANK10  BANK11  BANK12
      Params:         0       0       0       0       0       0       0       0       0       0       0       0       0       0
      Locals:         0       0       0       0       0       0       0       0       0       0       0       0       0       0
      Temps:          0       0       0       0       0       0       0       0       0       0       0       0       0       0
      Totals:         0       0       0       0       0       0       0       0       0       0       0       0       0       0
Total ram usage:        0 bytes
 Hardware stack levels used:    1
 Hardware stack levels required when called:    1
 This function calls:
		i2_stopIrrigation
 This function is called by:
		_pressedKeyAction
 This function uses a non-reentrant model


 *************** function i2_stopIrrigation *****************
 Defined at:
		line 1441 in file "SysRiego.c"
 Parameters:    Size  Location     Type
  zone            1    wreg     unsigned char 
 Auto vars:     Size  Location     Type
  zone            1    0[COMRAM] unsigned char 
 Return value:  Size  Location     Type
                  1    wreg      void 
 Registers used:
		wreg, status,2, status,0
 Tracked objects:
		On entry : 
		On exit  : 
		Unchanged: 
 Data sizes:     COMRAM   BANK0   BANK1   BANK2   BANK3   BANK4   BANK5   BANK6   BANK7   BANK8   BANK9  BANK10  BANK11  BANK12
      Params:         0       0       0       0       0       0       0       0       0       0       0       0       0       0
      Locals:         1       0       0       0       0       0       0       0       0       0       0       0       0       0
      Temps:          0       0       0       0       0       0       0       0       0       0       0       0       0       0
      Totals:         1       0       0       0       0       0       0       0       0       0       0       0       0       0
Total ram usage:        1 bytes
 Hardware stack levels used:    1
 This function calls:
		Nothing
 This function is called by:
		i2_stopIrrigateManual
 This function uses a non-reentrant model


 *************** function i2_displayLineOnLCD *****************
 Defined at:
		line 477 in file "SysRiego.c"
 Parameters:    Size  Location     Type
  array           2    2[COMRAM] PTR unsigned char 
		 -> dayName(4), STR_3(7), STR_2(6), STR_1(6), 
		 -> manualMessage(12), counterMIN(3), counterHOUR(3), timerMessage(11), 
		 -> automaticMessage(15), manualInactiveMessage(9), manualActiveMessage(7), configAutoMessage(11), 
  sizeOfArray     1    4[COMRAM] unsigned char 
 Auto vars:     Size  Location     Type
  displayLineO    1   12[COMRAM] unsigned char 
 Return value:  Size  Location     Type
                  1    wreg      void 
 Registers used:
		wreg, fsr0l, fsr0h, status,2, status,0, tblptrl, tblptrh, tblptru, prodl, prodh, cstack
 Tracked objects:
		On entry : 
		On exit  : 
		Unchanged: 
 Data sizes:     COMRAM   BANK0   BANK1   BANK2   BANK3   BANK4   BANK5   BANK6   BANK7   BANK8   BANK9  BANK10  BANK11  BANK12
      Params:         3       0       0       0       0       0       0       0       0       0       0       0       0       0
      Locals:         1       0       0       0       0       0       0       0       0       0       0       0       0       0
      Temps:          7       0       0       0       0       0       0       0       0       0       0       0       0       0
      Totals:        11       0       0       0       0       0       0       0       0       0       0       0       0       0
Total ram usage:       11 bytes
 Hardware stack levels used:    1
 Hardware stack levels required when called:    2
 This function calls:
		i2_displayCharOnLCD
 This function is called by:
		_pressedKeyAction
 This function uses a non-reentrant model


 *************** function i2_displayCharOnLCD *****************
 Defined at:
		line 468 in file "SysRiego.c"
 Parameters:    Size  Location     Type
  character       1    wreg     unsigned char 
 Auto vars:     Size  Location     Type
  character       1    1[COMRAM] unsigned char 
 Return value:  Size  Location     Type
                  1    wreg      void 
 Registers used:
		wreg, status,2, status,0, cstack
 Tracked objects:
		On entry : 
		On exit  : 
		Unchanged: 
 Data sizes:     COMRAM   BANK0   BANK1   BANK2   BANK3   BANK4   BANK5   BANK6   BANK7   BANK8   BANK9  BANK10  BANK11  BANK12
      Params:         0       0       0       0       0       0       0       0       0       0       0       0       0       0
      Locals:         1       0       0       0       0       0       0       0       0       0       0       0       0       0
      Temps:          0       0       0       0       0       0       0       0       0       0       0       0       0       0
      Totals:         1       0       0       0       0       0       0       0       0       0       0       0       0       0
Total ram usage:        1 bytes
 Hardware stack levels used:    1
 Hardware stack levels required when called:    1
 This function calls:
		i2_shortDelay
 This function is called by:
		i2_displayLineOnLCD
 This function uses a non-reentrant model


 *************** function i2_clearDisplay *****************
 Defined at:
		line 484 in file "SysRiego.c"
 Parameters:    Size  Location     Type
		None
 Auto vars:     Size  Location     Type
		None
 Return value:  Size  Location     Type
                  1    wreg      void 
 Registers used:
		wreg, status,2, status,0, cstack
 Tracked objects:
		On entry : 
		On exit  : 
		Unchanged: 
 Data sizes:     COMRAM   BANK0   BANK1   BANK2   BANK3   BANK4   BANK5   BANK6   BANK7   BANK8   BANK9  BANK10  BANK11  BANK12
      Params:         0       0       0       0       0       0       0       0       0       0       0       0       0       0
      Locals:         0       0       0       0       0       0       0       0       0       0       0       0       0       0
      Temps:          0       0       0       0       0       0       0       0       0       0       0       0       0       0
      Totals:         0       0       0       0       0       0       0       0       0       0       0       0       0       0
Total ram usage:        0 bytes
 Hardware stack levels used:    1
 Hardware stack levels required when called:    2
 This function calls:
		i2_command
		i2_isReady
		i2_shortDelay
 This function is called by:
		_pressedKeyAction
 This function uses a non-reentrant model


 *************** function i2_isReady *****************
 Defined at:
		line 455 in file "SysRiego.c"
 Parameters:    Size  Location     Type
		None
 Auto vars:     Size  Location     Type
		None
 Return value:  Size  Location     Type
                  1    wreg      void 
 Registers used:
		wreg, status,2, status,0, cstack
 Tracked objects:
		On entry : 
		On exit  : 
		Unchanged: 
 Data sizes:     COMRAM   BANK0   BANK1   BANK2   BANK3   BANK4   BANK5   BANK6   BANK7   BANK8   BANK9  BANK10  BANK11  BANK12
      Params:         0       0       0       0       0       0       0       0       0       0       0       0       0       0
      Locals:         0       0       0       0       0       0       0       0       0       0       0       0       0       0
      Temps:          0       0       0       0       0       0       0       0       0       0       0       0       0       0
      Totals:         0       0       0       0       0       0       0       0       0       0       0       0       0       0
Total ram usage:        0 bytes
 Hardware stack levels used:    1
 Hardware stack levels required when called:    1
 This function calls:
		i2_portDAsInput
		i2_portDAsOutput
		i2_shortDelay
 This function is called by:
		_pressedKeyAction
		i2_clearDisplay
 This function uses a non-reentrant model


 *************** function i2_portDAsOutput *****************
 Defined at:
		line 410 in file "SysRiego.c"
 Parameters:    Size  Location     Type
		None
 Auto vars:     Size  Location     Type
		None
 Return value:  Size  Location     Type
                  1    wreg      void 
 Registers used:
		wreg, status,2
 Tracked objects:
		On entry : 
		On exit  : 
		Unchanged: 
 Data sizes:     COMRAM   BANK0   BANK1   BANK2   BANK3   BANK4   BANK5   BANK6   BANK7   BANK8   BANK9  BANK10  BANK11  BANK12
      Params:         0       0       0       0       0       0       0       0       0       0       0       0       0       0
      Locals:         0       0       0       0       0       0       0       0       0       0       0       0       0       0
      Temps:          0       0       0       0       0       0       0       0       0       0       0       0       0       0
      Totals:         0       0       0       0       0       0       0       0       0       0       0       0       0       0
Total ram usage:        0 bytes
 Hardware stack levels used:    1
 This function calls:
		Nothing
 This function is called by:
		i2_isReady
 This function uses a non-reentrant model


 *************** function i2_portDAsInput *****************
 Defined at:
		line 406 in file "SysRiego.c"
 Parameters:    Size  Location     Type
		None
 Auto vars:     Size  Location     Type
		None
 Return value:  Size  Location     Type
                  1    wreg      void 
 Registers used:
		None
 Tracked objects:
		On entry : 
		On exit  : 
		Unchanged: 
 Data sizes:     COMRAM   BANK0   BANK1   BANK2   BANK3   BANK4   BANK5   BANK6   BANK7   BANK8   BANK9  BANK10  BANK11  BANK12
      Params:         0       0       0       0       0       0       0       0       0       0       0       0       0       0
      Locals:         0       0       0       0       0       0       0       0       0       0       0       0       0       0
      Temps:          0       0       0       0       0       0       0       0       0       0       0       0       0       0
      Totals:         0       0       0       0       0       0       0       0       0       0       0       0       0       0
Total ram usage:        0 bytes
 Hardware stack levels used:    1
 This function calls:
		Nothing
 This function is called by:
		i2_isReady
 This function uses a non-reentrant model


 *************** function i2_command *****************
 Defined at:
		line 446 in file "SysRiego.c"
 Parameters:    Size  Location     Type
  x               1    wreg     unsigned char 
 Auto vars:     Size  Location     Type
  x               1    1[COMRAM] unsigned char 
 Return value:  Size  Location     Type
                  1    wreg      void 
 Registers used:
		wreg, status,2, status,0, cstack
 Tracked objects:
		On entry : 
		On exit  : 
		Unchanged: 
 Data sizes:     COMRAM   BANK0   BANK1   BANK2   BANK3   BANK4   BANK5   BANK6   BANK7   BANK8   BANK9  BANK10  BANK11  BANK12
      Params:         0       0       0       0       0       0       0       0       0       0       0       0       0       0
      Locals:         1       0       0       0       0       0       0       0       0       0       0       0       0       0
      Temps:          0       0       0       0       0       0       0       0       0       0       0       0       0       0
      Totals:         1       0       0       0       0       0       0       0       0       0       0       0       0       0
Total ram usage:        1 bytes
 Hardware stack levels used:    1
 Hardware stack levels required when called:    1
 This function calls:
		i2_shortDelay
 This function is called by:
		_pressedKeyAction
		i2_clearDisplay
 This function uses a non-reentrant model


 *************** function i2_shortDelay *****************
 Defined at:
		line 426 in file "SysRiego.c"
 Parameters:    Size  Location     Type
		None
 Auto vars:     Size  Location     Type
  shortDelay      1    0[COMRAM] unsigned char 
 Return value:  Size  Location     Type
                  1    wreg      void 
 Registers used:
		wreg, status,2, status,0
 Tracked objects:
		On entry : 
		On exit  : 
		Unchanged: 
 Data sizes:     COMRAM   BANK0   BANK1   BANK2   BANK3   BANK4   BANK5   BANK6   BANK7   BANK8   BANK9  BANK10  BANK11  BANK12
      Params:         0       0       0       0       0       0       0       0       0       0       0       0       0       0
      Locals:         1       0       0       0       0       0       0       0       0       0       0       0       0       0
      Temps:          0       0       0       0       0       0       0       0       0       0       0       0       0       0
      Totals:         1       0       0       0       0       0       0       0       0       0       0       0       0       0
Total ram usage:        1 bytes
 Hardware stack levels used:    1
 This function calls:
		Nothing
 This function is called by:
		i2_command
		i2_isReady
		i2_displayCharOnLCD
		i2_clearDisplay
 This function uses a non-reentrant model


 *************** function _irrigateManual *****************
 Defined at:
		line 1461 in file "SysRiego.c"
 Parameters:    Size  Location     Type
		None
 Auto vars:     Size  Location     Type
		None
 Return value:  Size  Location     Type
                  1    wreg      void 
 Registers used:
		wreg, status,2, status,0, cstack
 Tracked objects:
		On entry : 
		On exit  : 
		Unchanged: 
 Data sizes:     COMRAM   BANK0   BANK1   BANK2   BANK3   BANK4   BANK5   BANK6   BANK7   BANK8   BANK9  BANK10  BANK11  BANK12
      Params:         0       0       0       0       0       0       0       0       0       0       0       0       0       0
      Locals:         0       0       0       0       0       0       0       0       0       0       0       0       0       0
      Temps:          0       0       0       0       0       0       0       0       0       0       0       0       0       0
      Totals:         0       0       0       0       0       0       0       0       0       0       0       0       0       0
Total ram usage:        0 bytes
 Hardware stack levels used:    1
 Hardware stack levels required when called:    1
 This function calls:
		i2_startIrrigation
 This function is called by:
		_pressedKeyAction
 This function uses a non-reentrant model


 *************** function i2_startIrrigation *****************
 Defined at:
		line 1421 in file "SysRiego.c"
 Parameters:    Size  Location     Type
  zone            1    wreg     unsigned char 
 Auto vars:     Size  Location     Type
  zone            1    0[COMRAM] unsigned char 
 Return value:  Size  Location     Type
                  1    wreg      void 
 Registers used:
		wreg, status,2, status,0
 Tracked objects:
		On entry : 
		On exit  : 
		Unchanged: 
 Data sizes:     COMRAM   BANK0   BANK1   BANK2   BANK3   BANK4   BANK5   BANK6   BANK7   BANK8   BANK9  BANK10  BANK11  BANK12
      Params:         0       0       0       0       0       0       0       0       0       0       0       0       0       0
      Locals:         1       0       0       0       0       0       0       0       0       0       0       0       0       0
      Temps:          0       0       0       0       0       0       0       0       0       0       0       0       0       0
      Totals:         1       0       0       0       0       0       0       0       0       0       0       0       0       0
Total ram usage:        1 bytes
 Hardware stack levels used:    1
 This function calls:
		Nothing
 This function is called by:
		_irrigateManual
 This function uses a non-reentrant model



MODULE INFORMATION

Module		Function		Class		Link	Load	Size
/Applications/microchip/xc8/v1.36/sources/common/lbtoft.c
		___lbtoft      		CODE           	2498	0000	47

/Applications/microchip/xc8/v1.36/sources/common/lbtoft.c estimated size: 47

/Applications/microchip/xc8/v1.36/sources/common/float.c
		___ftpack      		CODE           	19FA	0000	245

/Applications/microchip/xc8/v1.36/sources/common/float.c estimated size: 245

/Applications/microchip/xc8/v1.36/sources/common/ftge.c
		___ftge        		CODE           	1F44	0000	201

/Applications/microchip/xc8/v1.36/sources/common/ftge.c estimated size: 201

/Applications/microchip/xc8/v1.36/sources/common/lwtoft.c
		___lwtoft      		CODE           	2520	0000	43

/Applications/microchip/xc8/v1.36/sources/common/lwtoft.c estimated size: 43

/Applications/microchip/xc8/v1.36/sources/common/ftmul.c
		___ftmul       		CODE           	13E6	0000	351

/Applications/microchip/xc8/v1.36/sources/common/ftmul.c estimated size: 351

/Applications/microchip/xc8/v1.36/sources/common/awmod.c
		___awmod       		CODE           	200C	0000	149

/Applications/microchip/xc8/v1.36/sources/common/awmod.c estimated size: 149

shared
		i2_getKeyCode  		CODE           	1E6C	0000	217
		i2_turnOnAllRows		CODE           	285E	0000	11
		i2_command     		CODE           	27DC	0000	21
		__initialization		CODE           	2134	0000	123
		i2_groundAllRows		CODE           	2854	0000	11
		i2_stopIrrigateManual		CODE           	2760	0000	25
		i2_stopIrrigation		CODE           	25E6	0000	39
		i2_portDAsInput		CODE           	2878	0000	5
		i2_startIrrigation		CODE           	260C	0000	39
		i2_isReady     		CODE           	2714	0000	29
		i2_clearDisplay		CODE           	2800	0000	17
		i2_displayLineOnLCD		CODE           	21BC	0000	115
		i2_displayCharOnLCD		CODE           	27C8	0000	21
		i2_shortDelay  		CODE           	281E	0000	15
		i2_determinePressedRow		CODE           	17C6	0000	299
		i2_delay       		CODE           	26F8	0000	29
		i2_portDAsOutput		CODE           	286E	0000	7

shared estimated size: 1023

SysRiego.c
		_resetReadInput		CODE           	2632	0000	31
		_disableACInterrupts		CODE           	278C	0000	21
		_enableACInterrupts		CODE           	2748	0000	25
		_convertCharsToInt		CODE           	2438	0000	49
		_delay         		CODE           	2688	0000	29
		_readKey       		CODE           	2392	0000	65
		_LCDSetup      		CODE           	25C0	0000	39
		_startAC       		CODE           	23D2	0000	53
		_stopAllIrrigation		CODE           	2778	0000	21
		_isReady       		CODE           	26A4	0000	29
		_pressedKey    		CODE           	234C	0000	71
		_main          		CODE           	1BD6	0000	227
		_clearEndTimes 		CODE           	229C	0000	97
		_ISRH          		CODE           	0008	0000	359
		_disableIntRBIE		CODE           	284A	0000	11
		_pressedKeyAction		CODE           	122C	0000	443
		_clearDisplay  		CODE           	27F0	0000	17
		_manualConfiguration		CODE           	18F0	0000	267
		_turnOnAllRows 		CODE           	282C	0000	11
		_automaticConfiguration		CODE           	1AEE	0000	233
		_getInput      		CODE           	254A	0000	43
		_groundAllRows 		CODE           	2836	0000	11
		_workingTimer  		CODE           	0FBE	0000	623
		_updateEndTime 		CODE           	0D16	0000	681
		_timerConfiguration		CODE           	24F4	0000	45
		_readInput     		CODE           	266C	0000	29
		_stopIrrigation		CODE           	2574	0000	39
		_ISRL          		CODE           	0018	0000	143
		_workingAutomatic		CODE           	1CB8	0000	221
		_workingManual 		CODE           	2406	0000	51
		_irrigateManual		CODE           	2468	0000	49
		_enableIntRBIE 		CODE           	2840	0000	11
		_portDAsInput  		CODE           	2874	0000	5
		_determinePressedRow		CODE           	169C	0000	299
		_startIrrigation		CODE           	259A	0000	39
		_portDAsOutput 		CODE           	2868	0000	7
		_getKeyCode    		CODE           	1D94	0000	217
		_command       		CODE           	27B4	0000	21
		_stopIrrigateManual		CODE           	2730	0000	25
		_displayLineOnLCD		CODE           	20A0	0000	149
		_displayCharOnLCD		CODE           	27A0	0000	21
		_longDelay     		CODE           	24C6	0000	47
		_shortDelay    		CODE           	2810	0000	15
		_resetOneShot  		CODE           	26C0	0000	29
		_oneShot       		CODE           	26DC	0000	29

SysRiego.c estimated size: 4947

